Component: ARM Compiler 5.06 update 7 (build 960) Tool: armlink [4d3601]

==============================================================================

Section Cross References

    startup_lpc17xx.o(STACK) refers (Special) to heapauxi.o(.text) for __use_two_region_memory
    startup_lpc17xx.o(HEAP) refers (Special) to heapauxi.o(.text) for __use_two_region_memory
    startup_lpc17xx.o(RESET) refers (Special) to heapauxi.o(.text) for __use_two_region_memory
    startup_lpc17xx.o(RESET) refers to startup_lpc17xx.o(STACK) for __initial_sp
    startup_lpc17xx.o(RESET) refers to startup_lpc17xx.o(.text) for Reset_Handler
    startup_lpc17xx.o(RESET) refers to irq_timer.o(.text) for TIMER0_IRQHandler
    startup_lpc17xx.o(RESET) refers to irq_adc.o(.text) for ADC_IRQHandler
    startup_lpc17xx.o(RESET) refers to irq_rit.o(.text) for RIT_IRQHandler
    startup_lpc17xx.o(.ARM.__at_0x02FC) refers (Special) to heapauxi.o(.text) for __use_two_region_memory
    startup_lpc17xx.o(.text) refers (Special) to heapauxi.o(.text) for __use_two_region_memory
    startup_lpc17xx.o(.text) refers to __main.o(!!!main) for __main
    startup_lpc17xx.o(.text) refers to startup_lpc17xx.o(HEAP) for Heap_Mem
    startup_lpc17xx.o(.text) refers to startup_lpc17xx.o(STACK) for Stack_Mem
    sample.o(.text) refers to system_lpc17xx.o(.text) for SystemInit
    sample.o(.text) refers to glcd.o(.text) for LCD_Initialization
    sample.o(.text) refers to lib_joystick.o(.text) for joystick_init
    sample.o(.text) refers to touchpanel.o(.text) for TP_Init
    sample.o(.text) refers to lib_adc.o(.text) for ADC_init
    sample.o(.text) refers to graphics.o(.text) for LCD_setup
    sample.o(.text) refers to lib_rit.o(.text) for init_RIT
    sample.o(.text) refers to lib_timer.o(.text) for init_timer
    sample.o(.text) refers to sample.o(.data) for r
    system_lpc17xx.o(.text) refers to system_lpc17xx.o(.data) for SystemFrequency
    irq_timer.o(.text) refers to _printf_pad.o(.text) for _printf_pre_padding
    irq_timer.o(.text) refers to _printf_percent.o(.ARM.Collect$$_printf_percent$$00000000) for _printf_percent
    irq_timer.o(.text) refers to _printf_d.o(.ARM.Collect$$_printf_percent$$00000009) for _printf_d
    irq_timer.o(.text) refers to _printf_dec.o(.text) for _printf_int_dec
    irq_timer.o(.text) refers to glcd.o(.text) for LCD_SetBackground
    irq_timer.o(.text) refers to songs.o(.text) for Death_Music
    irq_timer.o(.text) refers to graphics.o(.text) for Reset
    irq_timer.o(.text) refers to noretval__2sprintf.o(.text) for __2sprintf
    irq_timer.o(.text) refers to forme.o(.text) for LCD_close
    irq_timer.o(.text) refers to irq_timer.o(.data) for Seconds
    irq_timer.o(.text) refers to sample.o(.data) for BackGround
    irq_timer.o(.text) refers to irq_adc.o(.data) for Volume
    irq_timer.o(.text) refers to songs.o(.data) for cuddles
    asciilib.o(.text) refers to rt_memcpy_v6.o(.text) for __aeabi_memcpy
    asciilib.o(.text) refers to asciilib.o(.constdata) for AsciiLib
    glcd.o(.text) refers to glcd.o(.data) for LCD_Code
    glcd.o(.text) refers to asciilib.o(.text) for GetASCIICode
    hzlib.o(.text) refers to rt_memcpy_v6.o(.text) for __aeabi_memcpy
    hzlib.o(.text) refers to hzlib.o(.constdata) for HzLib
    forme.o(.text) refers to glcd.o(.text) for LCD_SetPoint
    forme.o(.text) refers to fflt_clz.o(x$fpl$fflt) for __aeabi_i2f
    forme.o(.text) refers to fmul.o(x$fpl$fmul) for __aeabi_fmul
    forme.o(.text) refers to fleqf.o(x$fpl$fleqf) for __aeabi_cfcmple
    forme.o(.text) refers to frleqf.o(x$fpl$frleqf) for __aeabi_cfrcmple
    forme.o(.text) refers to f2d.o(x$fpl$f2d) for __aeabi_f2d
    forme.o(.text) refers to ddiv.o(x$fpl$ddiv) for __aeabi_ddiv
    forme.o(.text) refers to d2f.o(x$fpl$d2f) for __aeabi_d2f
    forme.o(.text) refers to drleqf.o(x$fpl$drleqf) for __aeabi_cdrcmple
    forme.o(.text) refers to dmul.o(x$fpl$dmul) for __aeabi_dmul
    forme.o(.text) refers to faddsub_clz.o(x$fpl$fsub) for __aeabi_fsub
    forme.o(.text) refers to ffixu.o(x$fpl$ffixu) for __aeabi_f2uiz
    forme.o(.text) refers to faddsub_clz.o(x$fpl$fadd) for __aeabi_fadd
    forme.o(.text) refers to daddsub_clz.o(x$fpl$dadd) for __aeabi_dadd
    graphics.o(.text) refers to glcd.o(.text) for LCD_Clear
    graphics.o(.text) refers to forme.o(.text) for LCD_rectangle
    graphics.o(.text) refers to lib_timer.o(.text) for enable_timer
    graphics.o(.text) refers to graphics.o(.data) for RectSatiety
    touchpanel.o(.text) refers to glcd.o(.text) for LCD_SetPoint
    touchpanel.o(.text) refers to rt_memclr_w.o(.text) for __aeabi_memclr4
    touchpanel.o(.text) refers to dflt_clz.o(x$fpl$dflt) for __aeabi_i2d
    touchpanel.o(.text) refers to deqf.o(x$fpl$deqf) for __aeabi_cdcmpeq
    touchpanel.o(.text) refers to dflt_clz.o(x$fpl$dfltu) for __aeabi_ui2d
    touchpanel.o(.text) refers to dmul.o(x$fpl$dmul) for __aeabi_dmul
    touchpanel.o(.text) refers to daddsub_clz.o(x$fpl$dadd) for __aeabi_dadd
[...]
    libinit2.o(.ARM.Collect$$libinit$$00000016) refers to libinit2.o(.ARM.Collect$$libinit$$0000000F) for .ARM.Collect$$libinit$$0000000F
    libinit2.o(.ARM.Collect$$libinit$$00000018) refers to libinit2.o(.ARM.Collect$$libinit$$0000000F) for .ARM.Collect$$libinit$$0000000F
    libinit2.o(.ARM.Collect$$libinit$$00000026) refers to argv_veneer.o(.emb_text) for __ARM_argv_veneer
    libinit2.o(.ARM.Collect$$libinit$$00000027) refers to argv_veneer.o(.emb_text) for __ARM_argv_veneer
    rtexit2.o(.ARM.Collect$$rtexit$$00000003) refers to libshutdown.o(.ARM.Collect$$libshutdown$$00000000) for __rt_lib_shutdown
    rtexit2.o(.ARM.Collect$$rtexit$$00000004) refers to sys_exit.o(.text) for _sys_exit
    rtexit2.o(.ARM.exidx) refers to rtexit2.o(.ARM.Collect$$rtexit$$00000001) for .ARM.Collect$$rtexit$$00000001
    rtexit2.o(.ARM.exidx) refers to rtexit2.o(.ARM.Collect$$rtexit$$00000003) for .ARM.Collect$$rtexit$$00000003
    rtexit2.o(.ARM.exidx) refers to rtexit2.o(.ARM.Collect$$rtexit$$00000004) for .ARM.Collect$$rtexit$$00000004
    argv_veneer.o(.emb_text) refers to no_argv.o(.text) for __ARM_get_argv
    sys_exit.o(.text) refers (Special) to use_no_semi.o(.text) for __I$use$semihosting
    sys_exit.o(.text) refers (Special) to indicate_semi.o(.text) for __semihosting_library_function
    _get_argv_nomalloc.o(.text) refers (Special) to hrguard.o(.text) for __heap_region$guard
    _get_argv_nomalloc.o(.text) refers to defsig_rtmem_outer.o(.text) for __rt_SIGRTMEM
    _get_argv_nomalloc.o(.text) refers to sys_command.o(.text) for _sys_command_string
    libshutdown.o(.ARM.Collect$$libshutdown$$00000000) refers (Special) to libshutdown2.o(.ARM.Collect$$libshutdown$$00000004) for __rt_lib_shutdown_cpp_1
    libshutdown.o(.ARM.Collect$$libshutdown$$00000000) refers (Special) to libshutdown2.o(.ARM.Collect$$libshutdown$$00000002) for __rt_lib_shutdown_fini_1
    libshutdown.o(.ARM.Collect$$libshutdown$$00000000) refers (Special) to libshutdown2.o(.ARM.Collect$$libshutdown$$00000009) for __rt_lib_shutdown_fp_trap_1
    libshutdown.o(.ARM.Collect$$libshutdown$$00000000) refers (Special) to libshutdown2.o(.ARM.Collect$$libshutdown$$00000011) for __rt_lib_shutdown_heap_1
    libshutdown.o(.ARM.Collect$$libshutdown$$00000000) refers (Special) to libshutdown2.o(.ARM.Collect$$libshutdown$$00000012) for __rt_lib_shutdown_return
    libshutdown.o(.ARM.Collect$$libshutdown$$00000000) refers (Special) to libshutdown2.o(.ARM.Collect$$libshutdown$$0000000C) for __rt_lib_shutdown_signal_1
    libshutdown.o(.ARM.Collect$$libshutdown$$00000000) refers (Special) to libshutdown2.o(.ARM.Collect$$libshutdown$$00000006) for __rt_lib_shutdown_stdio_1
    libshutdown.o(.ARM.Collect$$libshutdown$$00000000) refers (Special) to libshutdown2.o(.ARM.Collect$$libshutdown$$0000000E) for __rt_lib_shutdown_user_alloc_1
    sys_command.o(.text) refers (Special) to use_no_semi.o(.text) for __I$use$semihosting
    sys_command.o(.text) refers (Special) to indicate_semi.o(.text) for __semihosting_library_function
    defsig_rtmem_outer.o(.text) refers to defsig_rtmem_inner.o(.text) for __rt_SIGRTMEM_inner
    defsig_rtmem_outer.o(.text) refers to defsig_exit.o(.text) for __sig_exit
    defsig_rtmem_formal.o(.text) refers to rt_raise.o(.text) for __rt_raise
    rt_raise.o(.text) refers to __raise.o(.text) for __raise
    rt_raise.o(.text) refers to sys_exit.o(.text) for _sys_exit
    defsig_exit.o(.text) refers to sys_exit.o(.text) for _sys_exit
    defsig_rtmem_inner.o(.text) refers to defsig_general.o(.text) for __default_signal_display
    __raise.o(.text) refers to defsig.o(CL$$defsig) for __default_signal_handler
    defsig_general.o(.text) refers to sys_wrch.o(.text) for _ttywrch
    sys_wrch.o(.text) refers (Special) to use_no_semi.o(.text) for __I$use$semihosting
    sys_wrch.o(.text) refers (Special) to indicate_semi.o(.text) for __semihosting_library_function
    defsig.o(CL$$defsig) refers to defsig_rtmem_inner.o(.text) for __rt_SIGRTMEM_inner
    defsig_abrt_inner.o(.text) refers to defsig_general.o(.text) for __default_signal_display
    defsig_fpe_inner.o(.text) refers to defsig_general.o(.text) for __default_signal_display
    defsig_rtred_inner.o(.text) refers to defsig_general.o(.text) for __default_signal_display
    defsig_stak_inner.o(.text) refers to defsig_general.o(.text) for __default_signal_display
    defsig_pvfn_inner.o(.text) refers to defsig_general.o(.text) for __default_signal_display
    defsig_cppl_inner.o(.text) refers to defsig_general.o(.text) for __default_signal_display
    defsig_segv_inner.o(.text) refers to defsig_general.o(.text) for __default_signal_display
    defsig_other.o(.text) refers to defsig_general.o(.text) for __default_signal_display


==============================================================================

Removing Unused input sections from the image.

    Removing sample.o(.rev16_text), (4 bytes).
    Removing sample.o(.revsh_text), (4 bytes).
    Removing sample.o(.rrx_text), (6 bytes).
    Removing core_cm3.o(.emb_text), (32 bytes).
    Removing system_lpc17xx.o(.rev16_text), (4 bytes).
    Removing system_lpc17xx.o(.revsh_text), (4 bytes).
    Removing system_lpc17xx.o(.rrx_text), (6 bytes).
    Removing irq_timer.o(.rev16_text), (4 bytes).
    Removing irq_timer.o(.revsh_text), (4 bytes).
    Removing irq_timer.o(.rrx_text), (6 bytes).
    Removing lib_timer.o(.rev16_text), (4 bytes).
    Removing lib_timer.o(.revsh_text), (4 bytes).
    Removing lib_timer.o(.rrx_text), (6 bytes).
    Removing glcd.o(.rev16_text), (4 bytes).
    Removing glcd.o(.revsh_text), (4 bytes).
    Removing glcd.o(.rrx_text), (6 bytes).
    Removing hzlib.o(.text), (52 bytes).
    Removing hzlib.o(.constdata), (216576 bytes).
    Removing forme.o(.rev16_text), (4 bytes).
    Removing forme.o(.revsh_text), (4 bytes).
    Removing forme.o(.rrx_text), (6 bytes).
    Removing graphics.o(.rev16_text), (4 bytes).
    Removing graphics.o(.revsh_text), (4 bytes).
    Removing graphics.o(.rrx_text), (6 bytes).
    Removing touchpanel.o(.rev16_text), (4 bytes).
    Removing touchpanel.o(.revsh_text), (4 bytes).
    Removing touchpanel.o(.rrx_text), (6 bytes).
    Removing irq_rit.o(.rev16_text), (4 bytes).
    Removing irq_rit.o(.revsh_text), (4 bytes).
    Removing irq_rit.o(.rrx_text), (6 bytes).
    Removing lib_rit.o(.rev16_text), (4 bytes).
    Removing lib_rit.o(.revsh_text), (4 bytes).
    Removing lib_rit.o(.rrx_text), (6 bytes).
    Removing funct_joystick.o(.rev16_text), (4 bytes).
    Removing funct_joystick.o(.revsh_text), (4 bytes).
    Removing funct_joystick.o(.rrx_text), (6 bytes).
    Removing funct_joystick.o(.text), (2 bytes).
    Removing lib_joystick.o(.rev16_text), (4 bytes).
    Removing lib_joystick.o(.revsh_text), (4 bytes).
    Removing lib_joystick.o(.rrx_text), (6 bytes).
    Removing irq_adc.o(.rev16_text), (4 bytes).
    Removing irq_adc.o(.revsh_text), (4 bytes).
    Removing irq_adc.o(.rrx_text), (6 bytes).
    Removing lib_adc.o(.rev16_text), (4 bytes).
    Removing lib_adc.o(.revsh_text), (4 bytes).
    Removing lib_adc.o(.rrx_text), (6 bytes).
    Removing songs.o(.rev16_text), (4 bytes).
    Removing songs.o(.revsh_text), (4 bytes).
    Removing songs.o(.rrx_text), (6 bytes).

49 unused section(s) (total 216872 bytes) removed from the image.

==============================================================================

Image Symbol Table

    Local Symbols

    Symbol Name                              Value     Ov Type        Size  Object(Section)

    RESET                                    0x00000000   Section      204  startup_lpc17xx.o(RESET)
    ../clib/angel/boardlib.s                 0x00000000   Number         0  boardinit3.o ABSOLUTE
    ../clib/angel/boardlib.s                 0x00000000   Number         0  boardshut.o ABSOLUTE
    ../clib/angel/boardlib.s                 0x00000000   Number         0  boardinit2.o ABSOLUTE
    ../clib/angel/boardlib.s                 0x00000000   Number         0  boardinit1.o ABSOLUTE
    ../clib/angel/dczerorl2.s                0x00000000   Number         0  __dczerorl2.o ABSOLUTE
    ../clib/angel/handlers.s                 0x00000000   Number         0  __scatter_zi.o ABSOLUTE
    ../clib/angel/kernel.s                   0x00000000   Number         0  __rtentry.o ABSOLUTE
    ../clib/angel/kernel.s                   0x00000000   Number         0  rtexit2.o ABSOLUTE
    ../clib/angel/kernel.s                   0x00000000   Number         0  __rtentry2.o ABSOLUTE
    ../clib/angel/kernel.s                   0x00000000   Number         0  __rtentry4.o ABSOLUTE
    ../clib/angel/kernel.s                   0x00000000   Number         0  rtexit.o ABSOLUTE
    ../clib/angel/rt.s                       0x00000000   Number         0  rt_raise.o ABSOLUTE
    ../clib/angel/scatter.s                  0x00000000   Number         0  __scatter.o ABSOLUTE
    ../clib/angel/startup.s                  0x00000000   Number         0  __main.o ABSOLUTE
    ../clib/angel/sys.s                      0x00000000   Number         0  libspace.o ABSOLUTE
    ../clib/angel/sys.s                      0x00000000   Number         0  sys_stackheap_outer.o ABSOLUTE
    ../clib/angel/sys.s                      0x00000000   Number         0  use_no_semi.o ABSOLUTE
    ../clib/angel/sys.s                      0x00000000   Number         0  indicate_semi.o ABSOLUTE
    ../clib/angel/sysapp.c                   0x00000000   Number         0  sys_exit.o ABSOLUTE
    ../clib/angel/sysapp.c                   0x00000000   Number         0  sys_command.o ABSOLUTE
    ../clib/angel/sysapp.c                   0x00000000   Number         0  sys_wrch.o ABSOLUTE
    ../clib/armsys.c                         0x00000000   Number         0  _get_argv_nomalloc.o ABSOLUTE
    ../clib/armsys.c                         0x00000000   Number         0  no_argv.o ABSOLUTE
    ../clib/armsys.c                         0x00000000   Number         0  argv_veneer.o ABSOLUTE
    ../clib/armsys.c                         0x00000000   Number         0  argv_veneer.o ABSOLUTE
    ../clib/heapalloc.c                      0x00000000   Number         0  hrguard.o ABSOLUTE
    ../clib/heapaux.c                        0x00000000   Number         0  heapauxi.o ABSOLUTE
    ../clib/libinit.s                        0x00000000   Number         0  libinit.o ABSOLUTE
    ../clib/libinit.s                        0x00000000   Number         0  libshutdown2.o ABSOLUTE
    ../clib/libinit.s                        0x00000000   Number         0  libshutdown.o ABSOLUTE
    ../clib/libinit.s                        0x00000000   Number         0  libinit2.o ABSOLUTE
    ../clib/memcpset.s                       0x00000000   Number         0  rt_memcpy_v6.o ABSOLUTE
    ../clib/memcpset.s                       0x00000000   Number         0  rt_memclr_w.o ABSOLUTE
    ../clib/memcpset.s                       0x00000000   Number         0  rt_memcpy_w.o ABSOLUTE
    ../clib/misc.s                           0x00000000   Number         0  printf_stubs.o ABSOLUTE
    ../clib/printf.c                         0x00000000   Number         0  __printf.o ABSOLUTE
    ../clib/printf.c                         0x00000000   Number         0  __printf_flags_wp.o ABSOLUTE
    ../clib/printf.c                         0x00000000   Number         0  _printf_pad.o ABSOLUTE
    ../clib/printf.c                         0x00000000   Number         0  __printf_ss_wp.o ABSOLUTE
    ../clib/printf.c                         0x00000000   Number         0  _printf_dec.o ABSOLUTE
    ../clib/printf.c                         0x00000000   Number         0  __printf_nopercent.o ABSOLUTE
    ../clib/printf.c                         0x00000000   Number         0  __2sprintf.o ABSOLUTE
    ../clib/printf.c                         0x00000000   Number         0  __printf_ss.o ABSOLUTE
    ../clib/printf.c                         0x00000000   Number         0  _printf_intcommon.o ABSOLUTE
    ../clib/printf.c                         0x00000000   Number         0  _printf_char_common.o ABSOLUTE
    ../clib/printf.c                         0x00000000   Number         0  _sputc.o ABSOLUTE
    ../clib/printf.c                         0x00000000   Number         0  __printf_flags_ss.o ABSOLUTE
    ../clib/printf.c                         0x00000000   Number         0  __printf_wp.o ABSOLUTE
    ../clib/printf.c                         0x00000000   Number         0  __printf_flags_ss_wp.o ABSOLUTE
    ../clib/printf.c                         0x00000000   Number         0  noretval__2sprintf.o ABSOLUTE
    ../clib/printf.c                         0x00000000   Number         0  __printf_flags.o ABSOLUTE
    ../clib/printf_percent.s                 0x00000000   Number         0  _printf_percent_end.o ABSOLUTE
    ../clib/printf_percent.s                 0x00000000   Number         0  _printf_d.o ABSOLUTE
    ../clib/printf_percent.s                 0x00000000   Number         0  _printf_percent.o ABSOLUTE
    ../clib/signal.c                         0x00000000   Number         0  defsig_exit.o ABSOLUTE
    ../clib/signal.c                         0x00000000   Number         0  defsig_rtmem_formal.o ABSOLUTE
    ../clib/signal.c                         0x00000000   Number         0  defsig_rtmem_inner.o ABSOLUTE
    ../clib/signal.c                         0x00000000   Number         0  __raise.o ABSOLUTE
    ../clib/signal.c                         0x00000000   Number         0  defsig_general.o ABSOLUTE
    ../clib/signal.c                         0x00000000   Number         0  defsig_rtmem_outer.o ABSOLUTE
    ../clib/signal.c                         0x00000000   Number         0  defsig_fpe_inner.o ABSOLUTE
    ../clib/signal.c                         0x00000000   Number         0  defsig_rtred_inner.o ABSOLUTE
    ../clib/signal.c                         0x00000000   Number         0  defsig_stak_inner.o ABSOLUTE
    ../clib/signal.c                         0x00000000   Number         0  defsig_pvfn_inner.o ABSOLUTE
    ../clib/signal.c                         0x00000000   Number         0  defsig_cppl_inner.o ABSOLUTE
    ../clib/signal.c                         0x00000000   Number         0  defsig_segv_inner.o ABSOLUTE
    ../clib/signal.c                         0x00000000   Number         0  defsig_other.o ABSOLUTE
    ../clib/signal.c                         0x00000000   Number         0  defsig_abrt_inner.o ABSOLUTE
    ../clib/signal.s                         0x00000000   Number         0  defsig.o ABSOLUTE
    ../clib/stdlib.c                         0x00000000   Number         0  exit.o ABSOLUTE
    ../fplib/d2f.s                           0x00000000   Number         0  d2f.o ABSOLUTE
    ../fplib/daddsub.s                       0x00000000   Number         0  daddsub_clz.o ABSOLUTE
    ../fplib/dcmpi.s                         0x00000000   Number         0  dcmpi.o ABSOLUTE
    ../fplib/ddiv.s                          0x00000000   Number         0  ddiv.o ABSOLUTE
    ../fplib/deqf.s                          0x00000000   Number         0  deqf.o ABSOLUTE
    ../fplib/dfixu.s                         0x00000000   Number         0  dfixu.o ABSOLUTE
    ../fplib/dflt.s                          0x00000000   Number         0  dflt_clz.o ABSOLUTE
    ../fplib/dleqf.s                         0x00000000   Number         0  dleqf.o ABSOLUTE
    ../fplib/dmul.s                          0x00000000   Number         0  dmul.o ABSOLUTE
    ../fplib/dnaninf.s                       0x00000000   Number         0  dnaninf.o ABSOLUTE
    ../fplib/dretinf.s                       0x00000000   Number         0  dretinf.o ABSOLUTE
    ../fplib/drleqf.s                        0x00000000   Number         0  drleqf.o ABSOLUTE
    ../fplib/f2d.s                           0x00000000   Number         0  f2d.o ABSOLUTE
    ../fplib/faddsub.s                       0x00000000   Number         0  faddsub_clz.o ABSOLUTE
    ../fplib/fcmpi.s                         0x00000000   Number         0  fcmpi.o ABSOLUTE
    ../fplib/ffix.s                          0x00000000   Number         0  ffix.o ABSOLUTE
    ../fplib/ffixu.s                         0x00000000   Number         0  ffixu.o ABSOLUTE
    ../fplib/fflt.s                          0x00000000   Number         0  fflt_clz.o ABSOLUTE
    ../fplib/fleqf.s                         0x00000000   Number         0  fleqf.o ABSOLUTE
    ../fplib/fmul.s                          0x00000000   Number         0  fmul.o ABSOLUTE
    ../fplib/fnaninf.s                       0x00000000   Number         0  fnaninf.o ABSOLUTE
    ../fplib/fpinit.s                        0x00000000   Number         0  fpinit.o ABSOLUTE
    ../fplib/fretinf.s                       0x00000000   Number         0  fretinf.o ABSOLUTE
    ../fplib/frleqf.s                        0x00000000   Number         0  frleqf.o ABSOLUTE
    ../fplib/usenofp.s                       0x00000000   Number         0  usenofp.o ABSOLUTE
    GLCD\AsciiLib.c                          0x00000000   Number         0  asciilib.o ABSOLUTE
    GLCD\GLCD.c                              0x00000000   Number         0  glcd.o ABSOLUTE
    GLCD\HzLib.c                             0x00000000   Number         0  hzlib.o ABSOLUTE
    GLCD\\GLCD.c                             0x00000000   Number         0  glcd.o ABSOLUTE
    Graphics.c                               0x00000000   Number         0  graphics.o ABSOLUTE
    Graphics.c                               0x00000000   Number         0  graphics.o ABSOLUTE
    RIT\IRQ_RIT.c                            0x00000000   Number         0  irq_rit.o ABSOLUTE
    RIT\\IRQ_RIT.c                           0x00000000   Number         0  irq_rit.o ABSOLUTE
    RIT\\lib_RIT.c                           0x00000000   Number         0  lib_rit.o ABSOLUTE
    RIT\lib_RIT.c                            0x00000000   Number         0  lib_rit.o ABSOLUTE
    Songs\Songs.c                            0x00000000   Number         0  songs.o ABSOLUTE
    Songs\\Songs.c                           0x00000000   Number         0  songs.o ABSOLUTE
    TouchPanel\TouchPanel.c                  0x00000000   Number         0  touchpanel.o ABSOLUTE
    TouchPanel\\TouchPanel.c                 0x00000000   Number         0  touchpanel.o ABSOLUTE
    adc\IRQ_adc.c                            0x00000000   Number         0  irq_adc.o ABSOLUTE
    adc\\IRQ_adc.c                           0x00000000   Number         0  irq_adc.o ABSOLUTE
    adc\\lib_adc.c                           0x00000000   Number         0  lib_adc.o ABSOLUTE
    adc\lib_adc.c                            0x00000000   Number         0  lib_adc.o ABSOLUTE
    core_cm3.c                               0x00000000   Number         0  core_cm3.o ABSOLUTE
    core_cm3.c                               0x00000000   Number         0  core_cm3.o ABSOLUTE
    dc.s                                     0x00000000   Number         0  dc.o ABSOLUTE
    forme.c                                  0x00000000   Number         0  forme.o ABSOLUTE
    forme.c                                  0x00000000   Number         0  forme.o ABSOLUTE
    joystick\\funct_joystick.c               0x00000000   Number         0  funct_joystick.o ABSOLUTE
    joystick\\lib_joystick.c                 0x00000000   Number         0  lib_joystick.o ABSOLUTE
    joystick\funct_joystick.c                0x00000000   Number         0  funct_joystick.o ABSOLUTE
    joystick\lib_joystick.c                  0x00000000   Number         0  lib_joystick.o ABSOLUTE
    sample.c                                 0x00000000   Number         0  sample.o ABSOLUTE
    sample.c                                 0x00000000   Number         0  sample.o ABSOLUTE
    startup_LPC17xx.s                        0x00000000   Number         0  startup_lpc17xx.o ABSOLUTE
    system_LPC17xx.c                         0x00000000   Number         0  system_lpc17xx.o ABSOLUTE
    system_LPC17xx.c                         0x00000000   Number         0  system_lpc17xx.o ABSOLUTE
    timer\IRQ_timer.c                        0x00000000   Number         0  irq_timer.o ABSOLUTE
    timer\\IRQ_timer.c                       0x00000000   Number         0  irq_timer.o ABSOLUTE
    timer\\lib_timer.c                       0x00000000   Number         0  lib_timer.o ABSOLUTE
    timer\lib_timer.c                        0x00000000   Number         0  lib_timer.o ABSOLUTE
    !!!main                                  0x000000cc   Section        8  __main.o(!!!main)
    !!!scatter                               0x000000d4   Section       52  __scatter.o(!!!scatter)
    !!dczerorl2                              0x00000108   Section       90  __dczerorl2.o(!!dczerorl2)
    !!handler_zi                             0x00000164   Section       28  __scatter_zi.o(!!handler_zi)
    .ARM.Collect$$_printf_percent$$00000000  0x00000180   Section        0  _printf_percent.o(.ARM.Collect$$_printf_percent$$00000000)
    .ARM.Collect$$_printf_percent$$00000009  0x00000180   Section        6  _printf_d.o(.ARM.Collect$$_printf_percent$$00000009)
    .ARM.Collect$$_printf_percent$$00000017  0x00000186   Section        4  _printf_percent_end.o(.ARM.Collect$$_printf_percent$$00000017)
    .ARM.Collect$$libinit$$00000000          0x0000018a   Section        2  libinit.o(.ARM.Collect$$libinit$$00000000)
    .ARM.Collect$$libinit$$00000002          0x0000018c   Section        0  libinit2.o(.ARM.Collect$$libinit$$00000002)
    .ARM.Collect$$libinit$$00000004          0x0000018c   Section        0  libinit2.o(.ARM.Collect$$libinit$$00000004)
    .ARM.Collect$$libinit$$0000000A          0x0000018c   Section        0  libinit2.o(.ARM.Collect$$libinit$$0000000A)
    .ARM.Collect$$libinit$$0000000C          0x0000018c   Section        0  libinit2.o(.ARM.Collect$$libinit$$0000000C)
    .ARM.Collect$$libinit$$0000000E          0x0000018c   Section        0  libinit2.o(.ARM.Collect$$libinit$$0000000E)
    .ARM.Collect$$libinit$$00000011          0x0000018c   Section        0  libinit2.o(.ARM.Collect$$libinit$$00000011)
    .ARM.Collect$$libinit$$00000013          0x0000018c   Section        0  libinit2.o(.ARM.Collect$$libinit$$00000013)
    .ARM.Collect$$libinit$$00000015          0x0000018c   Section        0  libinit2.o(.ARM.Collect$$libinit$$00000015)
    .ARM.Collect$$libinit$$00000017          0x0000018c   Section        0  libinit2.o(.ARM.Collect$$libinit$$00000017)
    .ARM.Collect$$libinit$$00000019          0x0000018c   Section        0  libinit2.o(.ARM.Collect$$libinit$$00000019)
    .ARM.Collect$$libinit$$0000001B          0x0000018c   Section        0  libinit2.o(.ARM.Collect$$libinit$$0000001B)
    .ARM.Collect$$libinit$$0000001D          0x0000018c   Section        0  libinit2.o(.ARM.Collect$$libinit$$0000001D)
    .ARM.Collect$$libinit$$0000001F          0x0000018c   Section        0  libinit2.o(.ARM.Collect$$libinit$$0000001F)
    .ARM.Collect$$libinit$$00000021          0x0000018c   Section        0  libinit2.o(.ARM.Collect$$libinit$$00000021)
    .ARM.Collect$$libinit$$00000023          0x0000018c   Section        0  libinit2.o(.ARM.Collect$$libinit$$00000023)
    .ARM.Collect$$libinit$$00000025          0x0000018c   Section        0  libinit2.o(.ARM.Collect$$libinit$$00000025)
    .ARM.Collect$$libinit$$0000002C          0x0000018c   Section        0  libinit2.o(.ARM.Collect$$libinit$$0000002C)
    .ARM.Collect$$libinit$$0000002E          0x0000018c   Section        0  libinit2.o(.ARM.Collect$$libinit$$0000002E)
    .ARM.Collect$$libinit$$00000030          0x0000018c   Section        0  libinit2.o(.ARM.Collect$$libinit$$00000030)
    .ARM.Collect$$libinit$$00000032          0x0000018c   Section        0  libinit2.o(.ARM.Collect$$libinit$$00000032)
    .ARM.Collect$$libinit$$00000033          0x0000018c   Section        2  libinit2.o(.ARM.Collect$$libinit$$00000033)
    .ARM.Collect$$libshutdown$$00000000      0x0000018e   Section        2  libshutdown.o(.ARM.Collect$$libshutdown$$00000000)
    .ARM.Collect$$libshutdown$$00000002      0x00000190   Section        0  libshutdown2.o(.ARM.Collect$$libshutdown$$00000002)
    .ARM.Collect$$libshutdown$$00000004      0x00000190   Section        0  libshutdown2.o(.ARM.Collect$$libshutdown$$00000004)
    .ARM.Collect$$libshutdown$$00000006      0x00000190   Section        0  libshutdown2.o(.ARM.Collect$$libshutdown$$00000006)
    .ARM.Collect$$libshutdown$$00000009      0x00000190   Section        0  libshutdown2.o(.ARM.Collect$$libshutdown$$00000009)
    .ARM.Collect$$libshutdown$$0000000C      0x00000190   Section        0  libshutdown2.o(.ARM.Collect$$libshutdown$$0000000C)
    .ARM.Collect$$libshutdown$$0000000E      0x00000190   Section        0  libshutdown2.o(.ARM.Collect$$libshutdown$$0000000E)
    .ARM.Collect$$libshutdown$$00000011      0x00000190   Section        0  libshutdown2.o(.ARM.Collect$$libshutdown$$00000011)
    .ARM.Collect$$libshutdown$$00000012      0x00000190   Section        2  libshutdown2.o(.ARM.Collect$$libshutdown$$00000012)
    .ARM.Collect$$rtentry$$00000000          0x00000192   Section        0  __rtentry.o(.ARM.Collect$$rtentry$$00000000)
    .ARM.Collect$$rtentry$$00000002          0x00000192   Section        0  __rtentry2.o(.ARM.Collect$$rtentry$$00000002)
    .ARM.Collect$$rtentry$$00000004          0x00000192   Section        6  __rtentry4.o(.ARM.Collect$$rtentry$$00000004)
    .ARM.Collect$$rtentry$$00000009          0x00000198   Section        0  __rtentry2.o(.ARM.Collect$$rtentry$$00000009)
    .ARM.Collect$$rtentry$$0000000A          0x00000198   Section        4  __rtentry2.o(.ARM.Collect$$rtentry$$0000000A)
    .ARM.Collect$$rtentry$$0000000C          0x0000019c   Section        0  __rtentry2.o(.ARM.Collect$$rtentry$$0000000C)
    .ARM.Collect$$rtentry$$0000000D          0x0000019c   Section        8  __rtentry2.o(.ARM.Collect$$rtentry$$0000000D)
    .ARM.Collect$$rtexit$$00000000           0x000001a4   Section        2  rtexit.o(.ARM.Collect$$rtexit$$00000000)
    .ARM.Collect$$rtexit$$00000002           0x000001a6   Section        0  rtexit2.o(.ARM.Collect$$rtexit$$00000002)
    .ARM.Collect$$rtexit$$00000003           0x000001a6   Section        4  rtexit2.o(.ARM.Collect$$rtexit$$00000003)
    .ARM.Collect$$rtexit$$00000004           0x000001aa   Section        6  rtexit2.o(.ARM.Collect$$rtexit$$00000004)
    .text                                    0x000001b0   Section       52  startup_lpc17xx.o(.text)
    .text                                    0x000001e4   Section        0  sample.o(.text)
    .text                                    0x000002c0   Section        0  asciilib.o(.text)
    .text                                    0x000002e0   Section        0  heapauxi.o(.text)
    .text                                    0x000002e6   Section        0  _sputc.o(.text)
    .text                                    0x000002f0   Section        8  libspace.o(.text)
    .text                                    0x000002f8   Section        2  use_no_semi.o(.text)
    .text                                    0x000002fa   Section        0  indicate_semi.o(.text)
    x$fpl$usenofp                            0x000002fa   Section        0  usenofp.o(x$fpl$usenofp)
    .ARM.__at_0x02FC                         0x000002fc   Section        4  startup_lpc17xx.o(.ARM.__at_0x02FC)
    .text                                    0x00000300   Section        0  system_lpc17xx.o(.text)
    .text                                    0x0000052c   Section        0  irq_timer.o(.text)
    .text                                    0x0000078c   Section        0  lib_timer.o(.text)
    __NVIC_EnableIRQ                         0x0000078d   Thumb Code    34  lib_timer.o(.text)
    __NVIC_SetPriority                       0x000007af   Thumb Code    32  lib_timer.o(.text)
    .text                                    0x00000ac4   Section        0  glcd.o(.text)
    LCD_Configuration                        0x00000ac5   Thumb Code    20  glcd.o(.text)
    wait_delay                               0x00000ad9   Thumb Code    12  glcd.o(.text)
    LCD_SetCursor                            0x00000ae5   Thumb Code  1356  glcd.o(.text)
    delay_ms                                 0x00001031   Thumb Code    30  glcd.o(.text)
    LCD_BGR2RGB                              0x000067f9   Thumb Code    26  glcd.o(.text)
    .text                                    0x000077b8   Section        0  forme.o(.text)
    .text                                    0x00007de4   Section        0  graphics.o(.text)
    __NVIC_EnableIRQ                         0x00007de5   Thumb Code    34  graphics.o(.text)
    __NVIC_DisableIRQ                        0x00007e07   Thumb Code    30  graphics.o(.text)
    .text                                    0x00008aa8   Section        0  touchpanel.o(.text)
    ADS7843_SPI_Init                         0x00008ab9   Thumb Code   128  touchpanel.o(.text)
    DelayUS                                  0x00008b57   Thumb Code    28  touchpanel.o(.text)
    WR_CMD                                   0x00008b73   Thumb Code    56  touchpanel.o(.text)
    RD_AD                                    0x00008bab   Thumb Code    42  touchpanel.o(.text)
    .text                                    0x00009428   Section        0  irq_rit.o(.text)
    .text                                    0x00009a54   Section        0  lib_rit.o(.text)
    .text                                    0x00009b14   Section        0  lib_joystick.o(.text)
    .text                                    0x00009b68   Section        0  irq_adc.o(.text)
    .text                                    0x00009e18   Section        0  lib_adc.o(.text)
    .text                                    0x00009e84   Section        0  songs.o(.text)
    .text                                    0x0000a0d0   Section        0  noretval__2sprintf.o(.text)
    .text                                    0x0000a0f8   Section        0  _printf_pad.o(.text)
    .text                                    0x0000a148   Section        0  _printf_dec.o(.text)
    .text                                    0x0000a1c0   Section        0  __printf_flags_wp.o(.text)
    .text                                    0x0000a2f8   Section      138  rt_memcpy_v6.o(.text)
    .text                                    0x0000a382   Section       78  rt_memclr_w.o(.text)
    .text                                    0x0000a3d0   Section        0  _printf_intcommon.o(.text)
    .text                                    0x0000a484   Section        0  _printf_char_common.o(.text)
    _printf_input_char                       0x0000a485   Thumb Code    10  _printf_char_common.o(.text)
    .text                                    0x0000a4b4   Section      100  rt_memcpy_w.o(.text)
    .text                                    0x0000a518   Section       74  sys_stackheap_outer.o(.text)
    .text                                    0x0000a562   Section        0  exit.o(.text)
    .text                                    0x0000a574   Section        0  sys_exit.o(.text)
    i._is_digit                              0x0000a580   Section        0  __printf_wp.o(i._is_digit)
    x$fpl$d2f                                0x0000a590   Section       98  d2f.o(x$fpl$d2f)
    x$fpl$dadd                               0x0000a5f4   Section      336  daddsub_clz.o(x$fpl$dadd)
    _dadd1                                   0x0000a605   Thumb Code     0  daddsub_clz.o(x$fpl$dadd)
    x$fpl$dcmpinf                            0x0000a744   Section       24  dcmpi.o(x$fpl$dcmpinf)
    x$fpl$ddiv                               0x0000a75c   Section      688  ddiv.o(x$fpl$ddiv)
    ddiv_entry                               0x0000a763   Thumb Code     0  ddiv.o(x$fpl$ddiv)
    x$fpl$deqf                               0x0000aa0c   Section      120  deqf.o(x$fpl$deqf)
    x$fpl$dfixu                              0x0000aa84   Section       90  dfixu.o(x$fpl$dfixu)
    x$fpl$dflt                               0x0000aade   Section       46  dflt_clz.o(x$fpl$dflt)
    x$fpl$dfltu                              0x0000ab0c   Section       38  dflt_clz.o(x$fpl$dfltu)
    x$fpl$dleqf                              0x0000ab34   Section      120  dleqf.o(x$fpl$dleqf)
    x$fpl$dmul                               0x0000abac   Section      340  dmul.o(x$fpl$dmul)
    x$fpl$dnaninf                            0x0000ad00   Section      156  dnaninf.o(x$fpl$dnaninf)
    x$fpl$dretinf                            0x0000ad9c   Section       12  dretinf.o(x$fpl$dretinf)
    x$fpl$drleqf                             0x0000ada8   Section      108  drleqf.o(x$fpl$drleqf)
    x$fpl$dsub                               0x0000ae14   Section      468  daddsub_clz.o(x$fpl$dsub)
    _dsub1                                   0x0000ae25   Thumb Code     0  daddsub_clz.o(x$fpl$dsub)
    x$fpl$f2d                                0x0000afe8   Section       86  f2d.o(x$fpl$f2d)
    x$fpl$fadd                               0x0000b040   Section      196  faddsub_clz.o(x$fpl$fadd)
    _fadd1                                   0x0000b04f   Thumb Code     0  faddsub_clz.o(x$fpl$fadd)
    x$fpl$fcmpinf                            0x0000b104   Section       24  fcmpi.o(x$fpl$fcmpinf)
    x$fpl$ffix                               0x0000b11c   Section       54  ffix.o(x$fpl$ffix)
    x$fpl$ffixu                              0x0000b154   Section       62  ffixu.o(x$fpl$ffixu)
    x$fpl$fflt                               0x0000b194   Section       48  fflt_clz.o(x$fpl$fflt)
    x$fpl$fleqf                              0x0000b1c4   Section      104  fleqf.o(x$fpl$fleqf)
    x$fpl$fmul                               0x0000b22c   Section      258  fmul.o(x$fpl$fmul)
    x$fpl$fnaninf                            0x0000b32e   Section      140  fnaninf.o(x$fpl$fnaninf)
    x$fpl$fretinf                            0x0000b3ba   Section       10  fretinf.o(x$fpl$fretinf)
    x$fpl$frleqf                             0x0000b3c4   Section       98  frleqf.o(x$fpl$frleqf)
    x$fpl$fsub                               0x0000b428   Section      234  faddsub_clz.o(x$fpl$fsub)
    _fsub1                                   0x0000b437   Thumb Code     0  faddsub_clz.o(x$fpl$fsub)
    .constdata                               0x0000b512   Section     1520  asciilib.o(.constdata)
    AsciiLib                                 0x0000b512   Data        1520  asciilib.o(.constdata)
    .constdata                               0x0000bb02   Section       17  __printf_flags_wp.o(.constdata)
    maptable                                 0x0000bb02   Data          17  __printf_flags_wp.o(.constdata)
    .data                                    0x10000000   Section       32  sample.o(.data)
    .data                                    0x10000020   Section        4  system_lpc17xx.o(.data)
    .data                                    0x10000024   Section      716  graphics.o(.data)
    .data                                    0x100002f0   Section       76  irq_rit.o(.data)
    Select                                   0x10000338   Data           4  irq_rit.o(.data)
    .data                                    0x1000033c   Section      504  irq_adc.o(.data)
    HEAP                                     0x10000538   Section        0  startup_lpc17xx.o(HEAP)
    Heap_Mem                                 0x10000538   Data           0  startup_lpc17xx.o(HEAP)
    .data                                    0x2007c000   Section      112  irq_timer.o(.data)
    Open                                     0x2007c068   Data           4  irq_timer.o(.data)
    ticks                                    0x2007c06c   Data           4  irq_timer.o(.data)
    .data                                    0x2007c070   Section        4  glcd.o(.data)
    LCD_Code                                 0x2007c070   Data           1  glcd.o(.data)
    back_color                               0x2007c072   Data           2  glcd.o(.data)
    .data                                    0x2007c074   Section       20  touchpanel.o(.data)
    screen                                   0x2007c084   Data           4  touchpanel.o(.data)
    .data                                    0x2007c088   Section      520  songs.o(.data)
    .bss                                     0x2007c290   Section       68  touchpanel.o(.bss)
    .bss                                     0x2007c2d4   Section       96  libspace.o(.bss)
    STACK                                    0x2007c338   Section      512  startup_lpc17xx.o(STACK)
    Stack_Mem                                0x2007c338   Data         512  startup_lpc17xx.o(STACK)
    __initial_sp                             0x2007c538   Data           0  startup_lpc17xx.o(STACK)

    Global Symbols

    Symbol Name                              Value     Ov Type        Size  Object(Section)

    BuildAttributes$$THM_ISAv4$P$D$K$B$S$PE$A:L22UL41UL21$X:L11$S22US41US21$IEEE1$IW$USESV6$~STKCKD$USESV7$~SHL$OSPACE$ROPI$EBA8$UX$STANDARDLIB$REQ8$PRES8$EABIv2 0x00000000   Number         0  anon$$obj.o ABSOLUTE
    __ARM_use_no_argv                        0x00000000   Number         0  sample.o ABSOLUTE
    __Vectors                                0x00000000   Data           4  startup_lpc17xx.o(RESET)
    _printf_flags                            0x00000000   Number         0  printf_stubs.o ABSOLUTE
    _printf_return_value                     0x00000000   Number         0  printf_stubs.o ABSOLUTE
    _printf_sizespec                         0x00000000   Number         0  printf_stubs.o ABSOLUTE
    _printf_widthprec                        0x00000000   Number         0  printf_stubs.o ABSOLUTE
    __ARM_exceptions_init                     - Undefined Weak Reference
    __alloca_initialize                       - Undefined Weak Reference
    __arm_fini_                               - Undefined Weak Reference
    __arm_preinit_                            - Undefined Weak Reference
    __cpp_initialize__aeabi_                  - Undefined Weak Reference
    __cxa_finalize                            - Undefined Weak Reference
    __rt_locale                               - Undefined Weak Reference
    __sigvec_lookup                           - Undefined Weak Reference
    _atexit_init                              - Undefined Weak Reference
    _call_atexit_fns                          - Undefined Weak Reference
    _clock_init                               - Undefined Weak Reference
    _fp_trap_init                             - Undefined Weak Reference
    _fp_trap_shutdown                         - Undefined Weak Reference
    _get_lc_collate                           - Undefined Weak Reference
    _get_lc_ctype                             - Undefined Weak Reference
    _get_lc_monetary                          - Undefined Weak Reference
    _get_lc_numeric                           - Undefined Weak Reference
    _get_lc_time                              - Undefined Weak Reference
    _getenv_init                              - Undefined Weak Reference
    _handle_redirection                       - Undefined Weak Reference
    _init_alloc                               - Undefined Weak Reference
    _init_user_alloc                          - Undefined Weak Reference
    _initio                                   - Undefined Weak Reference
    _printf_truncate_signed                   - Undefined Weak Reference
    _printf_truncate_unsigned                 - Undefined Weak Reference
    _rand_init                                - Undefined Weak Reference
    _signal_finish                            - Undefined Weak Reference
    _signal_init                              - Undefined Weak Reference
    _terminate_alloc                          - Undefined Weak Reference
    _terminate_user_alloc                     - Undefined Weak Reference
    _terminateio                              - Undefined Weak Reference
    __main                                   0x000000cd   Thumb Code     8  __main.o(!!!main)
    __scatterload                            0x000000d5   Thumb Code     0  __scatter.o(!!!scatter)
    __scatterload_rt2                        0x000000d5   Thumb Code    44  __scatter.o(!!!scatter)
    __scatterload_rt2_thumb_only             0x000000d5   Thumb Code     0  __scatter.o(!!!scatter)
    __scatterload_null                       0x000000e3   Thumb Code     0  __scatter.o(!!!scatter)
    __decompress                             0x00000109   Thumb Code    90  __dczerorl2.o(!!dczerorl2)
    __decompress1                            0x00000109   Thumb Code     0  __dczerorl2.o(!!dczerorl2)
    __scatterload_zeroinit                   0x00000165   Thumb Code    28  __scatter_zi.o(!!handler_zi)
    _printf_d                                0x00000181   Thumb Code     0  _printf_d.o(.ARM.Collect$$_printf_percent$$00000009)
    _printf_percent                          0x00000181   Thumb Code     0  _printf_percent.o(.ARM.Collect$$_printf_percent$$00000000)
    _printf_percent_end                      0x00000187   Thumb Code     0  _printf_percent_end.o(.ARM.Collect$$_printf_percent$$00000017)
    __rt_lib_init                            0x0000018b   Thumb Code     0  libinit.o(.ARM.Collect$$libinit$$00000000)
    __rt_lib_init_alloca_1                   0x0000018d   Thumb Code     0  libinit2.o(.ARM.Collect$$libinit$$0000002E)
    __rt_lib_init_argv_1                     0x0000018d   Thumb Code     0  libinit2.o(.ARM.Collect$$libinit$$0000002C)
    __rt_lib_init_atexit_1                   0x0000018d   Thumb Code     0  libinit2.o(.ARM.Collect$$libinit$$0000001B)
    __rt_lib_init_clock_1                    0x0000018d   Thumb Code     0  libinit2.o(.ARM.Collect$$libinit$$00000021)
    __rt_lib_init_cpp_1                      0x0000018d   Thumb Code     0  libinit2.o(.ARM.Collect$$libinit$$00000032)
    __rt_lib_init_exceptions_1               0x0000018d   Thumb Code     0  libinit2.o(.ARM.Collect$$libinit$$00000030)
    __rt_lib_init_fp_1                       0x0000018d   Thumb Code     0  libinit2.o(.ARM.Collect$$libinit$$00000002)
    __rt_lib_init_fp_trap_1                  0x0000018d   Thumb Code     0  libinit2.o(.ARM.Collect$$libinit$$0000001F)
    __rt_lib_init_getenv_1                   0x0000018d   Thumb Code     0  libinit2.o(.ARM.Collect$$libinit$$00000023)
    __rt_lib_init_heap_1                     0x0000018d   Thumb Code     0  libinit2.o(.ARM.Collect$$libinit$$0000000A)
    __rt_lib_init_lc_collate_1               0x0000018d   Thumb Code     0  libinit2.o(.ARM.Collect$$libinit$$00000011)
    __rt_lib_init_lc_ctype_1                 0x0000018d   Thumb Code     0  libinit2.o(.ARM.Collect$$libinit$$00000013)
    __rt_lib_init_lc_monetary_1              0x0000018d   Thumb Code     0  libinit2.o(.ARM.Collect$$libinit$$00000015)
    __rt_lib_init_lc_numeric_1               0x0000018d   Thumb Code     0  libinit2.o(.ARM.Collect$$libinit$$00000017)
    __rt_lib_init_lc_time_1                  0x0000018d   Thumb Code     0  libinit2.o(.ARM.Collect$$libinit$$00000019)
    __rt_lib_init_preinit_1                  0x0000018d   Thumb Code     0  libinit2.o(.ARM.Collect$$libinit$$00000004)
    __rt_lib_init_rand_1                     0x0000018d   Thumb Code     0  libinit2.o(.ARM.Collect$$libinit$$0000000E)
    __rt_lib_init_return                     0x0000018d   Thumb Code     0  libinit2.o(.ARM.Collect$$libinit$$00000033)
    __rt_lib_init_signal_1                   0x0000018d   Thumb Code     0  libinit2.o(.ARM.Collect$$libinit$$0000001D)
    __rt_lib_init_stdio_1                    0x0000018d   Thumb Code     0  libinit2.o(.ARM.Collect$$libinit$$00000025)
    __rt_lib_init_user_alloc_1               0x0000018d   Thumb Code     0  libinit2.o(.ARM.Collect$$libinit$$0000000C)
    __rt_lib_shutdown                        0x0000018f   Thumb Code     0  libshutdown.o(.ARM.Collect$$libshutdown$$00000000)
    __rt_lib_shutdown_cpp_1                  0x00000191   Thumb Code     0  libshutdown2.o(.ARM.Collect$$libshutdown$$00000004)
    __rt_lib_shutdown_fini_1                 0x00000191   Thumb Code     0  libshutdown2.o(.ARM.Collect$$libshutdown$$00000002)
    __rt_lib_shutdown_fp_trap_1              0x00000191   Thumb Code     0  libshutdown2.o(.ARM.Collect$$libshutdown$$00000009)
    __rt_lib_shutdown_heap_1                 0x00000191   Thumb Code     0  libshutdown2.o(.ARM.Collect$$libshutdown$$00000011)
    __rt_lib_shutdown_return                 0x00000191   Thumb Code     0  libshutdown2.o(.ARM.Collect$$libshutdown$$00000012)
    __rt_lib_shutdown_signal_1               0x00000191   Thumb Code     0  libshutdown2.o(.ARM.Collect$$libshutdown$$0000000C)
    __rt_lib_shutdown_stdio_1                0x00000191   Thumb Code     0  libshutdown2.o(.ARM.Collect$$libshutdown$$00000006)
    __rt_lib_shutdown_user_alloc_1           0x00000191   Thumb Code     0  libshutdown2.o(.ARM.Collect$$libshutdown$$0000000E)
    __rt_entry                               0x00000193   Thumb Code     0  __rtentry.o(.ARM.Collect$$rtentry$$00000000)
    __rt_entry_presh_1                       0x00000193   Thumb Code     0  __rtentry2.o(.ARM.Collect$$rtentry$$00000002)
    __rt_entry_sh                            0x00000193   Thumb Code     0  __rtentry4.o(.ARM.Collect$$rtentry$$00000004)
    __rt_entry_li                            0x00000199   Thumb Code     0  __rtentry2.o(.ARM.Collect$$rtentry$$0000000A)
    __rt_entry_postsh_1                      0x00000199   Thumb Code     0  __rtentry2.o(.ARM.Collect$$rtentry$$00000009)
    __rt_entry_main                          0x0000019d   Thumb Code     0  __rtentry2.o(.ARM.Collect$$rtentry$$0000000D)
    __rt_entry_postli_1                      0x0000019d   Thumb Code     0  __rtentry2.o(.ARM.Collect$$rtentry$$0000000C)
    __rt_exit                                0x000001a5   Thumb Code     0  rtexit.o(.ARM.Collect$$rtexit$$00000000)
    __rt_exit_ls                             0x000001a7   Thumb Code     0  rtexit2.o(.ARM.Collect$$rtexit$$00000003)
    __rt_exit_prels_1                        0x000001a7   Thumb Code     0  rtexit2.o(.ARM.Collect$$rtexit$$00000002)
    __rt_exit_exit                           0x000001ab   Thumb Code     0  rtexit2.o(.ARM.Collect$$rtexit$$00000004)
    Reset_Handler                            0x000001b1   Thumb Code     4  startup_lpc17xx.o(.text)
    NMI_Handler                              0x000001b5   Thumb Code     2  startup_lpc17xx.o(.text)
    HardFault_Handler                        0x000001b7   Thumb Code     2  startup_lpc17xx.o(.text)
    MemManage_Handler                        0x000001b9   Thumb Code     2  startup_lpc17xx.o(.text)
    BusFault_Handler                         0x000001bb   Thumb Code     2  startup_lpc17xx.o(.text)
    UsageFault_Handler                       0x000001bd   Thumb Code     2  startup_lpc17xx.o(.text)
    SVC_Handler                              0x000001bf   Thumb Code     2  startup_lpc17xx.o(.text)
    DebugMon_Handler                         0x000001c1   Thumb Code     2  startup_lpc17xx.o(.text)
    PendSV_Handler                           0x000001c3   Thumb Code     2  startup_lpc17xx.o(.text)
    SysTick_Handler                          0x000001c5   Thumb Code     2  startup_lpc17xx.o(.text)
    BOD_IRQHandler                           0x000001c7   Thumb Code     0  startup_lpc17xx.o(.text)
    CANActivity_IRQHandler                   0x000001c7   Thumb Code     0  startup_lpc17xx.o(.text)
    CAN_IRQHandler                           0x000001c7   Thumb Code     0  startup_lpc17xx.o(.text)
    DMA_IRQHandler                           0x000001c7   Thumb Code     0  startup_lpc17xx.o(.text)
    EINT0_IRQHandler                         0x000001c7   Thumb Code     0  startup_lpc17xx.o(.text)
    EINT1_IRQHandler                         0x000001c7   Thumb Code     0  startup_lpc17xx.o(.text)
    EINT2_IRQHandler                         0x000001c7   Thumb Code     0  startup_lpc17xx.o(.text)
    EINT3_IRQHandler                         0x000001c7   Thumb Code     0  startup_lpc17xx.o(.text)
    ENET_IRQHandler                          0x000001c7   Thumb Code     0  startup_lpc17xx.o(.text)
    I2C0_IRQHandler                          0x000001c7   Thumb Code     0  startup_lpc17xx.o(.text)
    I2C1_IRQHandler                          0x000001c7   Thumb Code     0  startup_lpc17xx.o(.text)
    I2C2_IRQHandler                          0x000001c7   Thumb Code     0  startup_lpc17xx.o(.text)
    I2S_IRQHandler                           0x000001c7   Thumb Code     0  startup_lpc17xx.o(.text)
    MCPWM_IRQHandler                         0x000001c7   Thumb Code     0  startup_lpc17xx.o(.text)
    PLL0_IRQHandler                          0x000001c7   Thumb Code     0  startup_lpc17xx.o(.text)
    PLL1_IRQHandler                          0x000001c7   Thumb Code     0  startup_lpc17xx.o(.text)
    PWM1_IRQHandler                          0x000001c7   Thumb Code     0  startup_lpc17xx.o(.text)
    QEI_IRQHandler                           0x000001c7   Thumb Code     0  startup_lpc17xx.o(.text)
    RTC_IRQHandler                           0x000001c7   Thumb Code     0  startup_lpc17xx.o(.text)
    SPI_IRQHandler                           0x000001c7   Thumb Code     0  startup_lpc17xx.o(.text)
    SSP0_IRQHandler                          0x000001c7   Thumb Code     0  startup_lpc17xx.o(.text)
    SSP1_IRQHandler                          0x000001c7   Thumb Code     0  startup_lpc17xx.o(.text)
    UART0_IRQHandler                         0x000001c7   Thumb Code     0  startup_lpc17xx.o(.text)
    UART1_IRQHandler                         0x000001c7   Thumb Code     0  startup_lpc17xx.o(.text)
    UART2_IRQHandler                         0x000001c7   Thumb Code     0  startup_lpc17xx.o(.text)
    UART3_IRQHandler                         0x000001c7   Thumb Code     0  startup_lpc17xx.o(.text)
    USBActivity_IRQHandler                   0x000001c7   Thumb Code     0  startup_lpc17xx.o(.text)
    USB_IRQHandler                           0x000001c7   Thumb Code     0  startup_lpc17xx.o(.text)
    WDT_IRQHandler                           0x000001c7   Thumb Code     0  startup_lpc17xx.o(.text)
    __user_initial_stackheap                 0x000001c9   Thumb Code     0  startup_lpc17xx.o(.text)
    DAC_init                                 0x000001e5   Thumb Code    36  sample.o(.text)
    main                                     0x00000209   Thumb Code   142  sample.o(.text)
    GetASCIICode                             0x000002c1   Thumb Code    26  asciilib.o(.text)
    __use_two_region_memory                  0x000002e1   Thumb Code     2  heapauxi.o(.text)
    __rt_heap_escrow$2region                 0x000002e3   Thumb Code     2  heapauxi.o(.text)
    __rt_heap_expand$2region                 0x000002e5   Thumb Code     2  heapauxi.o(.text)
    _sputc                                   0x000002e7   Thumb Code    10  _sputc.o(.text)
    __user_libspace                          0x000002f1   Thumb Code     8  libspace.o(.text)
    __user_perproc_libspace                  0x000002f1   Thumb Code     0  libspace.o(.text)
    __user_perthread_libspace                0x000002f1   Thumb Code     0  libspace.o(.text)
    __I$use$semihosting                      0x000002f9   Thumb Code     0  use_no_semi.o(.text)
    __use_no_semihosting_swi                 0x000002f9   Thumb Code     2  use_no_semi.o(.text)
    __I$use$fp                               0x000002fa   Number         0  usenofp.o(x$fpl$usenofp)
    __semihosting_library_function           0x000002fb   Thumb Code     0  indicate_semi.o(.text)
    SystemInit                               0x00000301   Thumb Code   526  system_lpc17xx.o(.text)
    TIMER0_IRQHandler                        0x0000052d   Thumb Code   256  irq_timer.o(.text)
    TIMER1_IRQHandler                        0x0000062d   Thumb Code    90  irq_timer.o(.text)
    TIMER2_IRQHandler                        0x00000687   Thumb Code    60  irq_timer.o(.text)
    TIMER3_IRQHandler                        0x000006c3   Thumb Code    58  irq_timer.o(.text)
    enable_timer                             0x000007cf   Thumb Code    56  lib_timer.o(.text)
    disable_timer                            0x00000807   Thumb Code    56  lib_timer.o(.text)
    reset_timer                              0x0000083f   Thumb Code    82  lib_timer.o(.text)
    init_timer                               0x00000891   Thumb Code   536  lib_timer.o(.text)
    wait                                     0x0000104f   Thumb Code     4  glcd.o(.text)
    LCD_WritePixel                           0x00001053   Thumb Code    64  glcd.o(.text)
    LCD_WriteCommand                         0x00001093   Thumb Code    74  glcd.o(.text)
    LCD_ClearWindow                          0x000010dd   Thumb Code   682  glcd.o(.text)
    LCD_Clear                                0x00001387   Thumb Code  1384  glcd.o(.text)
    LCD_SetBackground                        0x000018ef   Thumb Code    16  glcd.o(.text)
    LCD_Initialization                       0x000018ff   Thumb Code 20218  glcd.o(.text)
    LCD_GetPoint                             0x00006813   Thumb Code   984  glcd.o(.text)
    LCD_SetPoint                             0x00006beb   Thumb Code   216  glcd.o(.text)
    LCD_DrawLine                             0x00006cc3   Thumb Code   250  glcd.o(.text)
    PutChar                                  0x00006dbd   Thumb Code   100  glcd.o(.text)
    PutCharHorizontal                        0x00006e21   Thumb Code   100  glcd.o(.text)
    GUI_Text                                 0x00006e85   Thumb Code    80  glcd.o(.text)
    LCD_SetWindow                            0x00006ed5   Thumb Code  1080  glcd.o(.text)
    LCD_SetOrientation                       0x0000730d   Thumb Code   378  glcd.o(.text)
    pixel                                    0x00007487   Thumb Code   132  glcd.o(.text)
    LCD_DrawCircle                           0x0000750b   Thumb Code    94  glcd.o(.text)
    LCD_DrawRectangle                        0x00007569   Thumb Code    58  glcd.o(.text)
    LCD_Darken                               0x000075a3   Thumb Code   310  glcd.o(.text)
    LCD_GetPixel                             0x000076d9   Thumb Code   208  glcd.o(.text)
    LCD_GetBackground                        0x000077a9   Thumb Code     6  glcd.o(.text)
    LCD_Cerchio                              0x000077b9   Thumb Code    98  forme.o(.text)
    LCD_Circular_Sector                      0x0000781b   Thumb Code   218  forme.o(.text)
    LCD_close                                0x000078f5   Thumb Code    88  forme.o(.text)
    LCD_open                                 0x0000794d   Thumb Code    80  forme.o(.text)
    LCD_move_close_open                      0x0000799d   Thumb Code   294  forme.o(.text)
    LCD_move_close_open_left                 0x00007ac3   Thumb Code   292  forme.o(.text)
    LCD_move                                 0x00007be7   Thumb Code    58  forme.o(.text)
    LCD_triangle                             0x00007c21   Thumb Code   222  forme.o(.text)
    LCD_rectangle                            0x00007cff   Thumb Code   230  forme.o(.text)
    LCD_setup                                0x00007e25   Thumb Code   358  graphics.o(.text)
    LCD_Start                                0x00007f8b   Thumb Code    16  graphics.o(.text)
    SatietyDown                              0x00007f9b   Thumb Code    32  graphics.o(.text)
    HappinessDown                            0x00007fbb   Thumb Code    32  graphics.o(.text)
    SatietyUp                                0x00007fdb   Thumb Code    32  graphics.o(.text)
    HappinessUp                              0x00007ffb   Thumb Code    32  graphics.o(.text)
    Reset                                    0x0000801b   Thumb Code   234  graphics.o(.text)
    CreateSnack                              0x00008105   Thumb Code   320  graphics.o(.text)
    CreateMeal                               0x00008245   Thumb Code  2106  graphics.o(.text)
    DestroyMeal                              0x00008a7f   Thumb Code    18  graphics.o(.text)
    DestroySnack                             0x00008a91   Thumb Code    22  graphics.o(.text)
    LPC17xx_SPI_SetSpeed                     0x00008aa9   Thumb Code    16  touchpanel.o(.text)
    TP_Init                                  0x00008b39   Thumb Code    30  touchpanel.o(.text)
    Read_X                                   0x00008bd5   Thumb Code    42  touchpanel.o(.text)
    Read_Y                                   0x00008bff   Thumb Code    42  touchpanel.o(.text)
    TP_GetAdXY                               0x00008c29   Thumb Code    34  touchpanel.o(.text)
    TP_DrawPoint                             0x00008c4b   Thumb Code    20  touchpanel.o(.text)
    DrawCross                                0x00008c5f   Thumb Code   356  touchpanel.o(.text)
    DeleteCross                              0x00008dc3   Thumb Code   350  touchpanel.o(.text)
    Read_Ads7846                             0x00008f21   Thumb Code   502  touchpanel.o(.text)
    setCalibrationMatrix                     0x00009117   Thumb Code   356  touchpanel.o(.text)
    getDisplayPoint                          0x0000927b   Thumb Code   262  touchpanel.o(.text)
    TouchPanel_Calibrate                     0x00009381   Thumb Code   120  touchpanel.o(.text)
    cuddles_draw                             0x00009429   Thumb Code   594  irq_rit.o(.text)
    RIT_IRQHandler                           0x0000967b   Thumb Code   928  irq_rit.o(.text)
    enable_RIT                               0x00009a55   Thumb Code    14  lib_rit.o(.text)
    disable_RIT                              0x00009a63   Thumb Code    14  lib_rit.o(.text)
    reset_RIT                                0x00009a71   Thumb Code     8  lib_rit.o(.text)
    init_RIT                                 0x00009a79   Thumb Code   134  lib_rit.o(.text)
    joystick_init                            0x00009b15   Thumb Code    74  lib_joystick.o(.text)
    volume_on1                               0x00009b69   Thumb Code   140  irq_adc.o(.text)
    volume_on2                               0x00009bf5   Thumb Code   140  irq_adc.o(.text)
    volume_on3                               0x00009c81   Thumb Code   140  irq_adc.o(.text)
    volume_off                               0x00009d0d   Thumb Code   140  irq_adc.o(.text)
    ADC_IRQHandler                           0x00009d99   Thumb Code    86  irq_adc.o(.text)
    ADC_init                                 0x00009e19   Thumb Code    76  lib_adc.o(.text)
    ADC_start_conversion                     0x00009e65   Thumb Code    14  lib_adc.o(.text)
    Play_Note                                0x00009e85   Thumb Code    42  songs.o(.text)
    Click_Music                              0x00009eaf   Thumb Code   122  songs.o(.text)
    Eating_Music                             0x00009f29   Thumb Code   122  songs.o(.text)
    Death_Music                              0x00009fa3   Thumb Code   122  songs.o(.text)
    Cuddles_Music                            0x0000a01d   Thumb Code   122  songs.o(.text)
    __2sprintf                               0x0000a0d1   Thumb Code    34  noretval__2sprintf.o(.text)
    _printf_pre_padding                      0x0000a0f9   Thumb Code    44  _printf_pad.o(.text)
    _printf_post_padding                     0x0000a125   Thumb Code    34  _printf_pad.o(.text)
    _printf_int_dec                          0x0000a149   Thumb Code   104  _printf_dec.o(.text)
    __printf                                 0x0000a1c1   Thumb Code   308  __printf_flags_wp.o(.text)
    __aeabi_memcpy                           0x0000a2f9   Thumb Code     0  rt_memcpy_v6.o(.text)
    __rt_memcpy                              0x0000a2f9   Thumb Code   138  rt_memcpy_v6.o(.text)
    _memcpy_lastbytes                        0x0000a35f   Thumb Code     0  rt_memcpy_v6.o(.text)
    __aeabi_memclr4                          0x0000a383   Thumb Code     0  rt_memclr_w.o(.text)
    __aeabi_memclr8                          0x0000a383   Thumb Code     0  rt_memclr_w.o(.text)
    __rt_memclr_w                            0x0000a383   Thumb Code    78  rt_memclr_w.o(.text)
    _memset_w                                0x0000a387   Thumb Code     0  rt_memclr_w.o(.text)
    _printf_int_common                       0x0000a3d1   Thumb Code   178  _printf_intcommon.o(.text)
    _printf_char_common                      0x0000a48f   Thumb Code    32  _printf_char_common.o(.text)
    __aeabi_memcpy4                          0x0000a4b5   Thumb Code     0  rt_memcpy_w.o(.text)
    __aeabi_memcpy8                          0x0000a4b5   Thumb Code     0  rt_memcpy_w.o(.text)
    __rt_memcpy_w                            0x0000a4b5   Thumb Code   100  rt_memcpy_w.o(.text)
    _memcpy_lastbytes_aligned                0x0000a4fd   Thumb Code     0  rt_memcpy_w.o(.text)
    __user_setup_stackheap                   0x0000a519   Thumb Code    74  sys_stackheap_outer.o(.text)
    exit                                     0x0000a563   Thumb Code    18  exit.o(.text)
    _sys_exit                                0x0000a575   Thumb Code     8  sys_exit.o(.text)
    _is_digit                                0x0000a581   Thumb Code    14  __printf_wp.o(i._is_digit)
    __aeabi_d2f                              0x0000a591   Thumb Code     0  d2f.o(x$fpl$d2f)
    _d2f                                     0x0000a591   Thumb Code    98  d2f.o(x$fpl$d2f)
    __aeabi_dadd                             0x0000a5f5   Thumb Code     0  daddsub_clz.o(x$fpl$dadd)
    _dadd                                    0x0000a5f5   Thumb Code   332  daddsub_clz.o(x$fpl$dadd)
    __fpl_dcmp_Inf                           0x0000a745   Thumb Code    24  dcmpi.o(x$fpl$dcmpinf)
    __aeabi_ddiv                             0x0000a75d   Thumb Code     0  ddiv.o(x$fpl$ddiv)
    _ddiv                                    0x0000a75d   Thumb Code   552  ddiv.o(x$fpl$ddiv)
    __aeabi_cdcmpeq                          0x0000aa0d   Thumb Code     0  deqf.o(x$fpl$deqf)
    _dcmpeq                                  0x0000aa0d   Thumb Code   120  deqf.o(x$fpl$deqf)
    __aeabi_d2uiz                            0x0000aa85   Thumb Code     0  dfixu.o(x$fpl$dfixu)
    _dfixu                                   0x0000aa85   Thumb Code    90  dfixu.o(x$fpl$dfixu)
    __aeabi_i2d                              0x0000aadf   Thumb Code     0  dflt_clz.o(x$fpl$dflt)
    _dflt                                    0x0000aadf   Thumb Code    46  dflt_clz.o(x$fpl$dflt)
    __aeabi_ui2d                             0x0000ab0d   Thumb Code     0  dflt_clz.o(x$fpl$dfltu)
    _dfltu                                   0x0000ab0d   Thumb Code    38  dflt_clz.o(x$fpl$dfltu)
    __aeabi_cdcmple                          0x0000ab35   Thumb Code     0  dleqf.o(x$fpl$dleqf)
    _dcmple                                  0x0000ab35   Thumb Code   120  dleqf.o(x$fpl$dleqf)
    __fpl_dcmple_InfNaN                      0x0000ab97   Thumb Code     0  dleqf.o(x$fpl$dleqf)
    __aeabi_dmul                             0x0000abad   Thumb Code     0  dmul.o(x$fpl$dmul)
    _dmul                                    0x0000abad   Thumb Code   332  dmul.o(x$fpl$dmul)
    __fpl_dnaninf                            0x0000ad01   Thumb Code   156  dnaninf.o(x$fpl$dnaninf)
    __fpl_dretinf                            0x0000ad9d   Thumb Code    12  dretinf.o(x$fpl$dretinf)
    __aeabi_cdrcmple                         0x0000ada9   Thumb Code     0  drleqf.o(x$fpl$drleqf)
    _drcmple                                 0x0000ada9   Thumb Code   108  drleqf.o(x$fpl$drleqf)
    __aeabi_dsub                             0x0000ae15   Thumb Code     0  daddsub_clz.o(x$fpl$dsub)
    _dsub                                    0x0000ae15   Thumb Code   464  daddsub_clz.o(x$fpl$dsub)
    __aeabi_f2d                              0x0000afe9   Thumb Code     0  f2d.o(x$fpl$f2d)
    _f2d                                     0x0000afe9   Thumb Code    86  f2d.o(x$fpl$f2d)
    __aeabi_fadd                             0x0000b041   Thumb Code     0  faddsub_clz.o(x$fpl$fadd)
    _fadd                                    0x0000b041   Thumb Code   196  faddsub_clz.o(x$fpl$fadd)
    __fpl_fcmp_Inf                           0x0000b105   Thumb Code    24  fcmpi.o(x$fpl$fcmpinf)
    __aeabi_f2iz                             0x0000b11d   Thumb Code     0  ffix.o(x$fpl$ffix)
    _ffix                                    0x0000b11d   Thumb Code    54  ffix.o(x$fpl$ffix)
    __aeabi_f2uiz                            0x0000b155   Thumb Code     0  ffixu.o(x$fpl$ffixu)
    _ffixu                                   0x0000b155   Thumb Code    62  ffixu.o(x$fpl$ffixu)
    __aeabi_i2f                              0x0000b195   Thumb Code     0  fflt_clz.o(x$fpl$fflt)
    _fflt                                    0x0000b195   Thumb Code    48  fflt_clz.o(x$fpl$fflt)
    __aeabi_cfcmple                          0x0000b1c5   Thumb Code     0  fleqf.o(x$fpl$fleqf)
    _fcmple                                  0x0000b1c5   Thumb Code   104  fleqf.o(x$fpl$fleqf)
    __fpl_fcmple_InfNaN                      0x0000b217   Thumb Code     0  fleqf.o(x$fpl$fleqf)
    __aeabi_fmul                             0x0000b22d   Thumb Code     0  fmul.o(x$fpl$fmul)
    _fmul                                    0x0000b22d   Thumb Code   258  fmul.o(x$fpl$fmul)
    __fpl_fnaninf                            0x0000b32f   Thumb Code   140  fnaninf.o(x$fpl$fnaninf)
    __fpl_fretinf                            0x0000b3bb   Thumb Code    10  fretinf.o(x$fpl$fretinf)
    __aeabi_cfrcmple                         0x0000b3c5   Thumb Code     0  frleqf.o(x$fpl$frleqf)
    _frcmple                                 0x0000b3c5   Thumb Code    98  frleqf.o(x$fpl$frleqf)
    __aeabi_fsub                             0x0000b429   Thumb Code     0  faddsub_clz.o(x$fpl$fsub)
    _fsub                                    0x0000b429   Thumb Code   234  faddsub_clz.o(x$fpl$fsub)
    Region$$Table$$Base                      0x0000bb14   Number         0  anon$$obj.o(Region$$Table)
    Region$$Table$$Limit                     0x0000bb54   Number         0  anon$$obj.o(Region$$Table)
    happiness                                0x10000000   Data           4  sample.o(.data)
    satiety                                  0x10000004   Data           4  sample.o(.data)
    x                                        0x10000008   Data           4  sample.o(.data)
    y                                        0x1000000c   Data           4  sample.o(.data)
    r                                        0x10000010   Data           4  sample.o(.data)
    a                                        0x10000014   Data           4  sample.o(.data)
    Color                                    0x10000018   Data           2  sample.o(.data)
    BackGround                               0x1000001a   Data           2  sample.o(.data)
    ColorMark                                0x1000001c   Data           2  sample.o(.data)
    ColorBack                                0x1000001e   Data           2  sample.o(.data)
    SystemFrequency                          0x10000020   Data           4  system_lpc17xx.o(.data)
    RectHappiness                            0x10000024   Data          20  graphics.o(.data)
    RectSatiety                              0x10000038   Data          20  graphics.o(.data)
    reset                                    0x1000004c   Data           4  graphics.o(.data)
    img_reset                                0x10000050   Data         540  graphics.o(.data)
    img_apple                                0x1000026c   Data         132  graphics.o(.data)
    hearts                                   0x100002f0   Data          72  irq_rit.o(.data)
    volume0                                  0x1000033c   Data         121  irq_adc.o(.data)
    volume1                                  0x100003b5   Data         121  irq_adc.o(.data)
    volume2                                  0x1000042e   Data         121  irq_adc.o(.data)
    volume3                                  0x100004a7   Data         121  irq_adc.o(.data)
    AD_current                               0x10000520   Data           2  irq_adc.o(.data)
    AD_last                                  0x10000522   Data           2  irq_adc.o(.data)
    Volume                                   0x10000524   Data           4  irq_adc.o(.data)
    xposition                                0x10000528   Data           4  irq_adc.o(.data)
    yposition                                0x1000052c   Data           4  irq_adc.o(.data)
    size                                     0x10000530   Data           4  irq_adc.o(.data)
    Hours                                    0x2007c000   Data           4  irq_timer.o(.data)
    Minutes                                  0x2007c004   Data           4  irq_timer.o(.data)
    Seconds                                  0x2007c008   Data           4  irq_timer.o(.data)
    SinTable                                 0x2007c00c   Data          90  irq_timer.o(.data)
    display                                  0x2007c074   Data           4  touchpanel.o(.data)
    DisplaySample                            0x2007c078   Data          12  touchpanel.o(.data)
    clk                                      0x2007c088   Data           4  songs.o(.data)
    eat                                      0x2007c08c   Data           4  songs.o(.data)
    death                                    0x2007c090   Data           4  songs.o(.data)
    cuddles                                  0x2007c094   Data           4  songs.o(.data)
    clkvett                                  0x2007c098   Data           8  songs.o(.data)
    clktime                                  0x2007c0a0   Data           8  songs.o(.data)
    cuddlesvett                              0x2007c0a8   Data         128  songs.o(.data)
    cuddlestime                              0x2007c128   Data         128  songs.o(.data)
    deathvett                                0x2007c1a8   Data          36  songs.o(.data)
    deathtime                                0x2007c1cc   Data          36  songs.o(.data)
    eatvett                                  0x2007c1f0   Data          80  songs.o(.data)
    eattime                                  0x2007c240   Data          80  songs.o(.data)
    matrix                                   0x2007c290   Data          56  touchpanel.o(.bss)
    ScreenSample                             0x2007c2c8   Data          12  touchpanel.o(.bss)
    __libspace_start                         0x2007c2d4   Data          96  libspace.o(.bss)
    __temporary_stack_top$libspace           0x2007c334   Data           0  libspace.o(.bss)



==============================================================================

Memory Map of the image

  Image Entry point : 0x000000cd

  Load Region LR_IROM1 (Base: 0x00000000, Size: 0x0000c318, Max: 0x00800000, ABSOLUTE, COMPRESSED[0x0000bd48])

    Execution Region ER_IROM1 (Exec base: 0x00000000, Load base: 0x00000000, Size: 0x0000bb54, Max: 0x00800000, ABSOLUTE)

    Exec Addr    Load Addr    Size         Type   Attr      Idx    E Section Name        Object

    0x00000000   0x00000000   0x000000cc   Data   RO            3    RESET               startup_lpc17xx.o
    0x000000cc   0x000000cc   0x00000008   Code   RO          765  * !!!main             c_w.l(__main.o)
    0x000000d4   0x000000d4   0x00000034   Code   RO         1008    !!!scatter          c_w.l(__scatter.o)
    0x00000108   0x00000108   0x0000005a   Code   RO         1006    !!dczerorl2         c_w.l(__dczerorl2.o)
    0x00000162   0x00000162   0x00000002   PAD
    0x00000164   0x00000164   0x0000001c   Code   RO         1010    !!handler_zi        c_w.l(__scatter_zi.o)
    0x00000180   0x00000180   0x00000000   Code   RO          758    .ARM.Collect$$_printf_percent$$00000000  c_w.l(_printf_percent.o)
    0x00000180   0x00000180   0x00000006   Code   RO          757    .ARM.Collect$$_printf_percent$$00000009  c_w.l(_printf_d.o)
    0x00000186   0x00000186   0x00000004   Code   RO          830    .ARM.Collect$$_printf_percent$$00000017  c_w.l(_printf_percent_end.o)
    0x0000018a   0x0000018a   0x00000002   Code   RO          874    .ARM.Collect$$libinit$$00000000  c_w.l(libinit.o)
    0x0000018c   0x0000018c   0x00000000   Code   RO          881    .ARM.Collect$$libinit$$00000002  c_w.l(libinit2.o)
    0x0000018c   0x0000018c   0x00000000   Code   RO          883    .ARM.Collect$$libinit$$00000004  c_w.l(libinit2.o)
    0x0000018c   0x0000018c   0x00000000   Code   RO          886    .ARM.Collect$$libinit$$0000000A  c_w.l(libinit2.o)
    0x0000018c   0x0000018c   0x00000000   Code   RO          888    .ARM.Collect$$libinit$$0000000C  c_w.l(libinit2.o)
    0x0000018c   0x0000018c   0x00000000   Code   RO          890    .ARM.Collect$$libinit$$0000000E  c_w.l(libinit2.o)
    0x0000018c   0x0000018c   0x00000000   Code   RO          893    .ARM.Collect$$libinit$$00000011  c_w.l(libinit2.o)
    0x0000018c   0x0000018c   0x00000000   Code   RO          895    .ARM.Collect$$libinit$$00000013  c_w.l(libinit2.o)
    0x0000018c   0x0000018c   0x00000000   Code   RO          897    .ARM.Collect$$libinit$$00000015  c_w.l(libinit2.o)
    0x0000018c   0x0000018c   0x00000000   Code   RO          899    .ARM.Collect$$libinit$$00000017  c_w.l(libinit2.o)
    0x0000018c   0x0000018c   0x00000000   Code   RO          901    .ARM.Collect$$libinit$$00000019  c_w.l(libinit2.o)
    0x0000018c   0x0000018c   0x00000000   Code   RO          903    .ARM.Collect$$libinit$$0000001B  c_w.l(libinit2.o)
    0x0000018c   0x0000018c   0x00000000   Code   RO          905    .ARM.Collect$$libinit$$0000001D  c_w.l(libinit2.o)
    0x0000018c   0x0000018c   0x00000000   Code   RO          907    .ARM.Collect$$libinit$$0000001F  c_w.l(libinit2.o)
    0x0000018c   0x0000018c   0x00000000   Code   RO          909    .ARM.Collect$$libinit$$00000021  c_w.l(libinit2.o)
    0x0000018c   0x0000018c   0x00000000   Code   RO          911    .ARM.Collect$$libinit$$00000023  c_w.l(libinit2.o)
    0x0000018c   0x0000018c   0x00000000   Code   RO          913    .ARM.Collect$$libinit$$00000025  c_w.l(libinit2.o)
    0x0000018c   0x0000018c   0x00000000   Code   RO          917    .ARM.Collect$$libinit$$0000002C  c_w.l(libinit2.o)
    0x0000018c   0x0000018c   0x00000000   Code   RO          919    .ARM.Collect$$libinit$$0000002E  c_w.l(libinit2.o)
    0x0000018c   0x0000018c   0x00000000   Code   RO          921    .ARM.Collect$$libinit$$00000030  c_w.l(libinit2.o)
    0x0000018c   0x0000018c   0x00000000   Code   RO          923    .ARM.Collect$$libinit$$00000032  c_w.l(libinit2.o)
    0x0000018c   0x0000018c   0x00000002   Code   RO          924    .ARM.Collect$$libinit$$00000033  c_w.l(libinit2.o)
    0x0000018e   0x0000018e   0x00000002   Code   RO          944    .ARM.Collect$$libshutdown$$00000000  c_w.l(libshutdown.o)
    0x00000190   0x00000190   0x00000000   Code   RO          957    .ARM.Collect$$libshutdown$$00000002  c_w.l(libshutdown2.o)
    0x00000190   0x00000190   0x00000000   Code   RO          959    .ARM.Collect$$libshutdown$$00000004  c_w.l(libshutdown2.o)
    0x00000190   0x00000190   0x00000000   Code   RO          961    .ARM.Collect$$libshutdown$$00000006  c_w.l(libshutdown2.o)
    0x00000190   0x00000190   0x00000000   Code   RO          964    .ARM.Collect$$libshutdown$$00000009  c_w.l(libshutdown2.o)
    0x00000190   0x00000190   0x00000000   Code   RO          967    .ARM.Collect$$libshutdown$$0000000C  c_w.l(libshutdown2.o)
    0x00000190   0x00000190   0x00000000   Code   RO          969    .ARM.Collect$$libshutdown$$0000000E  c_w.l(libshutdown2.o)
    0x00000190   0x00000190   0x00000000   Code   RO          972    .ARM.Collect$$libshutdown$$00000011  c_w.l(libshutdown2.o)
    0x00000190   0x00000190   0x00000002   Code   RO          973    .ARM.Collect$$libshutdown$$00000012  c_w.l(libshutdown2.o)
    0x00000192   0x00000192   0x00000000   Code   RO          823    .ARM.Collect$$rtentry$$00000000  c_w.l(__rtentry.o)
    0x00000192   0x00000192   0x00000000   Code   RO          849    .ARM.Collect$$rtentry$$00000002  c_w.l(__rtentry2.o)
    0x00000192   0x00000192   0x00000006   Code   RO          861    .ARM.Collect$$rtentry$$00000004  c_w.l(__rtentry4.o)
    0x00000198   0x00000198   0x00000000   Code   RO          851    .ARM.Collect$$rtentry$$00000009  c_w.l(__rtentry2.o)
    0x00000198   0x00000198   0x00000004   Code   RO          852    .ARM.Collect$$rtentry$$0000000A  c_w.l(__rtentry2.o)
    0x0000019c   0x0000019c   0x00000000   Code   RO          854    .ARM.Collect$$rtentry$$0000000C  c_w.l(__rtentry2.o)
    0x0000019c   0x0000019c   0x00000008   Code   RO          855    .ARM.Collect$$rtentry$$0000000D  c_w.l(__rtentry2.o)
    0x000001a4   0x000001a4   0x00000002   Code   RO          878    .ARM.Collect$$rtexit$$00000000  c_w.l(rtexit.o)
    0x000001a6   0x000001a6   0x00000000   Code   RO          926    .ARM.Collect$$rtexit$$00000002  c_w.l(rtexit2.o)
    0x000001a6   0x000001a6   0x00000004   Code   RO          927    .ARM.Collect$$rtexit$$00000003  c_w.l(rtexit2.o)
    0x000001aa   0x000001aa   0x00000006   Code   RO          928    .ARM.Collect$$rtexit$$00000004  c_w.l(rtexit2.o)
    0x000001b0   0x000001b0   0x00000034   Code   RO            5    .text               startup_lpc17xx.o
    0x000001e4   0x000001e4   0x000000dc   Code   RO           16    .text               sample.o
    0x000002c0   0x000002c0   0x00000020   Code   RO          282    .text               asciilib.o
    0x000002e0   0x000002e0   0x00000006   Code   RO          763    .text               c_w.l(heapauxi.o)
    0x000002e6   0x000002e6   0x0000000a   Code   RO          828    .text               c_w.l(_sputc.o)
    0x000002f0   0x000002f0   0x00000008   Code   RO          875    .text               c_w.l(libspace.o)
    0x000002f8   0x000002f8   0x00000002   Code   RO          947    .text               c_w.l(use_no_semi.o)
    0x000002fa   0x000002fa   0x00000000   Code   RO          949    .text               c_w.l(indicate_semi.o)
    0x000002fa   0x000002fa   0x00000000   Code   RO          847    x$fpl$usenofp       fz_ws.l(usenofp.o)
    0x000002fa   0x000002fa   0x00000002   PAD
    0x000002fc   0x000002fc   0x00000004   Code   RO            4    .ARM.__at_0x02FC    startup_lpc17xx.o
    0x00000300   0x00000300   0x0000022c   Code   RO          138    .text               system_lpc17xx.o
    0x0000052c   0x0000052c   0x00000260   Code   RO          165    .text               irq_timer.o
    0x0000078c   0x0000078c   0x00000338   Code   RO          253    .text               lib_timer.o
    0x00000ac4   0x00000ac4   0x00006cf4   Code   RO          302    .text               glcd.o
    0x000077b8   0x000077b8   0x0000062c   Code   RO          348    .text               forme.o
    0x00007de4   0x00007de4   0x00000cc2   Code   RO          375    .text               graphics.o
    0x00008aa6   0x00008aa6   0x00000002   PAD
    0x00008aa8   0x00008aa8   0x00000980   Code   RO          409    .text               touchpanel.o
    0x00009428   0x00009428   0x0000062c   Code   RO          443    .text               irq_rit.o
    0x00009a54   0x00009a54   0x000000c0   Code   RO          521    .text               lib_rit.o
    0x00009b14   0x00009b14   0x00000054   Code   RO          577    .text               lib_joystick.o
    0x00009b68   0x00009b68   0x000002b0   Code   RO          601    .text               irq_adc.o
    0x00009e18   0x00009e18   0x0000006c   Code   RO          634    .text               lib_adc.o
    0x00009e84   0x00009e84   0x0000024c   Code   RO          666    .text               songs.o
    0x0000a0d0   0x0000a0d0   0x00000028   Code   RO          729    .text               c_w.l(noretval__2sprintf.o)
    0x0000a0f8   0x0000a0f8   0x0000004e   Code   RO          733    .text               c_w.l(_printf_pad.o)
    0x0000a146   0x0000a146   0x00000002   PAD
    0x0000a148   0x0000a148   0x00000078   Code   RO          735    .text               c_w.l(_printf_dec.o)
    0x0000a1c0   0x0000a1c0   0x00000138   Code   RO          749    .text               c_w.l(__printf_flags_wp.o)
    0x0000a2f8   0x0000a2f8   0x0000008a   Code   RO          759    .text               c_w.l(rt_memcpy_v6.o)
    0x0000a382   0x0000a382   0x0000004e   Code   RO          761    .text               c_w.l(rt_memclr_w.o)
    0x0000a3d0   0x0000a3d0   0x000000b2   Code   RO          824    .text               c_w.l(_printf_intcommon.o)
    0x0000a482   0x0000a482   0x00000002   PAD
    0x0000a484   0x0000a484   0x00000030   Code   RO          826    .text               c_w.l(_printf_char_common.o)
    0x0000a4b4   0x0000a4b4   0x00000064   Code   RO          831    .text               c_w.l(rt_memcpy_w.o)
    0x0000a518   0x0000a518   0x0000004a   Code   RO          865    .text               c_w.l(sys_stackheap_outer.o)
    0x0000a562   0x0000a562   0x00000012   Code   RO          867    .text               c_w.l(exit.o)
    0x0000a574   0x0000a574   0x0000000c   Code   RO          936    .text               c_w.l(sys_exit.o)
    0x0000a580   0x0000a580   0x0000000e   Code   RO          747    i._is_digit         c_w.l(__printf_wp.o)
    0x0000a58e   0x0000a58e   0x00000002   PAD
    0x0000a590   0x0000a590   0x00000062   Code   RO          767    x$fpl$d2f           fz_ws.l(d2f.o)
    0x0000a5f2   0x0000a5f2   0x00000002   PAD
    0x0000a5f4   0x0000a5f4   0x00000150   Code   RO          769    x$fpl$dadd          fz_ws.l(daddsub_clz.o)
    0x0000a744   0x0000a744   0x00000018   Code   RO          833    x$fpl$dcmpinf       fz_ws.l(dcmpi.o)
    0x0000a75c   0x0000a75c   0x000002b0   Code   RO          776    x$fpl$ddiv          fz_ws.l(ddiv.o)
    0x0000aa0c   0x0000aa0c   0x00000078   Code   RO          779    x$fpl$deqf          fz_ws.l(deqf.o)
    0x0000aa84   0x0000aa84   0x0000005a   Code   RO          781    x$fpl$dfixu         fz_ws.l(dfixu.o)
    0x0000aade   0x0000aade   0x0000002e   Code   RO          786    x$fpl$dflt          fz_ws.l(dflt_clz.o)
    0x0000ab0c   0x0000ab0c   0x00000026   Code   RO          785    x$fpl$dfltu         fz_ws.l(dflt_clz.o)
    0x0000ab32   0x0000ab32   0x00000002   PAD
    0x0000ab34   0x0000ab34   0x00000078   Code   RO          835    x$fpl$dleqf         fz_ws.l(dleqf.o)
    0x0000abac   0x0000abac   0x00000154   Code   RO          791    x$fpl$dmul          fz_ws.l(dmul.o)
    0x0000ad00   0x0000ad00   0x0000009c   Code   RO          837    x$fpl$dnaninf       fz_ws.l(dnaninf.o)
    0x0000ad9c   0x0000ad9c   0x0000000c   Code   RO          839    x$fpl$dretinf       fz_ws.l(dretinf.o)
    0x0000ada8   0x0000ada8   0x0000006c   Code   RO          793    x$fpl$drleqf        fz_ws.l(drleqf.o)
    0x0000ae14   0x0000ae14   0x000001d4   Code   RO          771    x$fpl$dsub          fz_ws.l(daddsub_clz.o)
    0x0000afe8   0x0000afe8   0x00000056   Code   RO          795    x$fpl$f2d           fz_ws.l(f2d.o)
    0x0000b03e   0x0000b03e   0x00000002   PAD
    0x0000b040   0x0000b040   0x000000c4   Code   RO          797    x$fpl$fadd          fz_ws.l(faddsub_clz.o)
    0x0000b104   0x0000b104   0x00000018   Code   RO          841    x$fpl$fcmpinf       fz_ws.l(fcmpi.o)
    0x0000b11c   0x0000b11c   0x00000036   Code   RO          803    x$fpl$ffix          fz_ws.l(ffix.o)
    0x0000b152   0x0000b152   0x00000002   PAD
    0x0000b154   0x0000b154   0x0000003e   Code   RO          807    x$fpl$ffixu         fz_ws.l(ffixu.o)
    0x0000b192   0x0000b192   0x00000002   PAD
    0x0000b194   0x0000b194   0x00000030   Code   RO          812    x$fpl$fflt          fz_ws.l(fflt_clz.o)
    0x0000b1c4   0x0000b1c4   0x00000068   Code   RO          817    x$fpl$fleqf         fz_ws.l(fleqf.o)
    0x0000b22c   0x0000b22c   0x00000102   Code   RO          819    x$fpl$fmul          fz_ws.l(fmul.o)
    0x0000b32e   0x0000b32e   0x0000008c   Code   RO          843    x$fpl$fnaninf       fz_ws.l(fnaninf.o)
    0x0000b3ba   0x0000b3ba   0x0000000a   Code   RO          845    x$fpl$fretinf       fz_ws.l(fretinf.o)
    0x0000b3c4   0x0000b3c4   0x00000062   Code   RO          821    x$fpl$frleqf        fz_ws.l(frleqf.o)
    0x0000b426   0x0000b426   0x00000002   PAD
    0x0000b428   0x0000b428   0x000000ea   Code   RO          799    x$fpl$fsub          fz_ws.l(faddsub_clz.o)
    0x0000b512   0x0000b512   0x000005f0   Data   RO          283    .constdata          asciilib.o
    0x0000bb02   0x0000bb02   0x00000011   Data   RO          750    .constdata          c_w.l(__printf_flags_wp.o)
    0x0000bb13   0x0000bb13   0x00000001   PAD
    0x0000bb14   0x0000bb14   0x00000040   Data   RO         1004    Region$$Table       anon$$obj.o


    Execution Region RW_IRAM1 (Exec base: 0x10000000, Load base: 0x0000bb54, Size: 0x00000538, Max: 0x00080000, ABSOLUTE, COMPRESSED[0x00000100])

    Exec Addr    Load Addr    Size         Type   Attr      Idx    E Section Name        Object

    0x10000000   COMPRESSED   0x00000020   Data   RW           17    .data               sample.o
    0x10000020   COMPRESSED   0x00000004   Data   RW          139    .data               system_lpc17xx.o
    0x10000024   COMPRESSED   0x000002cc   Data   RW          376    .data               graphics.o
    0x100002f0   COMPRESSED   0x0000004c   Data   RW          444    .data               irq_rit.o
    0x1000033c   COMPRESSED   0x000001f8   Data   RW          602    .data               irq_adc.o
    0x10000534   COMPRESSED   0x00000004   PAD
    0x10000538        -       0x00000000   Zero   RW            2    HEAP                startup_lpc17xx.o


    Execution Region RW_IRAM2 (Exec base: 0x2007c000, Load base: 0x0000bc54, Size: 0x00000538, Max: 0x00080000, ABSOLUTE, COMPRESSED[0x000000f4])

    Exec Addr    Load Addr    Size         Type   Attr      Idx    E Section Name        Object

    0x2007c000   COMPRESSED   0x00000070   Data   RW          166    .data               irq_timer.o
    0x2007c070   COMPRESSED   0x00000004   Data   RW          303    .data               glcd.o
    0x2007c074   COMPRESSED   0x00000014   Data   RW          411    .data               touchpanel.o
    0x2007c088   COMPRESSED   0x00000208   Data   RW          667    .data               songs.o
    0x2007c290        -       0x00000044   Zero   RW          410    .bss                touchpanel.o
    0x2007c2d4        -       0x00000060   Zero   RW          876    .bss                c_w.l(libspace.o)
    0x2007c334   COMPRESSED   0x00000004   PAD
    0x2007c338        -       0x00000200   Zero   RW            1    STACK               startup_lpc17xx.o


==============================================================================

Image component sizes


      Code (inc. data)   RO Data    RW Data    ZI Data      Debug   Object Name

        32          6       1520          0          0       1067   asciilib.o
      1580         30          0          0          0       4594   forme.o
     27892        166          0          4          0      67754   glcd.o
      3266         96          0        716          0       4578   graphics.o
       688         42          0        504          0       2270   irq_adc.o
      1580        106          0         76          0       2199   irq_rit.o
       608        144          0        112          0      18939   irq_timer.o
       108         18          0          0          0      27215   lib_adc.o
        84         10          0          0          0        460   lib_joystick.o
       192         22          0          0          0      27619   lib_rit.o
       824         28          0          0          0       1892   lib_timer.o
       220         42          0         32          0      22525   sample.o
       588         58          0        520          0       2407   songs.o
        56         22        204          0        512       1036   startup_lpc17xx.o
       556         30          0          4          0        847   system_lpc17xx.o
      2432         72          0         20         68       6234   touchpanel.o

    ----------------------------------------------------------------------
     40708        892       1788       1988        584     191636   Object Totals
         0          0         64          0          0          0   (incl. Generated)
         2          0          0          0          4          0   (incl. Padding)

    ----------------------------------------------------------------------

      Code (inc. data)   RO Data    RW Data    ZI Data      Debug   Library Member Name

        90          0          0          0          0          0   __dczerorl2.o
         8          0          0          0          0         68   __main.o
       312          4         17          0          0         92   __printf_flags_wp.o
        14          0          0          0          0         68   __printf_wp.o
         0          0          0          0          0          0   __rtentry.o
        12          0          0          0          0          0   __rtentry2.o
         6          0          0          0          0          0   __rtentry4.o
        52          8          0          0          0          0   __scatter.o
        28          0          0          0          0          0   __scatter_zi.o
        48          6          0          0          0         96   _printf_char_common.o
         6          0          0          0          0          0   _printf_d.o
       120         16          0          0          0         92   _printf_dec.o
       178          0          0          0          0         88   _printf_intcommon.o
        78          0          0          0          0        108   _printf_pad.o
         0          0          0          0          0          0   _printf_percent.o
         4          0          0          0          0          0   _printf_percent_end.o
        10          0          0          0          0         68   _sputc.o
        18          0          0          0          0         80   exit.o
         6          0          0          0          0        152   heapauxi.o
         0          0          0          0          0          0   indicate_semi.o
         2          0          0          0          0          0   libinit.o
         2          0          0          0          0          0   libinit2.o
         2          0          0          0          0          0   libshutdown.o
         2          0          0          0          0          0   libshutdown2.o
         8          4          0          0         96         68   libspace.o
        40          6          0          0          0         84   noretval__2sprintf.o
        78          0          0          0          0         80   rt_memclr_w.o
       138          0          0          0          0         68   rt_memcpy_v6.o
       100          0          0          0          0         80   rt_memcpy_w.o
         2          0          0          0          0          0   rtexit.o
        10          0          0          0          0          0   rtexit2.o
        12          4          0          0          0         68   sys_exit.o
        74          0          0          0          0         80   sys_stackheap_outer.o
         2          0          0          0          0         68   use_no_semi.o
        98          4          0          0          0         92   d2f.o
       804         16          0          0          0        272   daddsub_clz.o
        24          0          0          0          0         68   dcmpi.o
       688        140          0          0          0        208   ddiv.o
       120          4          0          0          0         92   deqf.o
        90          4          0          0          0         92   dfixu.o
        84          0          0          0          0        136   dflt_clz.o
       120          4          0          0          0         92   dleqf.o
       340         12          0          0          0        104   dmul.o
       156          4          0          0          0         92   dnaninf.o
        12          0          0          0          0         68   dretinf.o
       108          0          0          0          0         80   drleqf.o
        86          4          0          0          0         84   f2d.o
       430          8          0          0          0        168   faddsub_clz.o
        24          0          0          0          0         68   fcmpi.o
        54          4          0          0          0         84   ffix.o
        62          4          0          0          0         84   ffixu.o
        48          0          0          0          0         68   fflt_clz.o
       104          4          0          0          0         84   fleqf.o
       258          4          0          0          0         84   fmul.o
       140          4          0          0          0         84   fnaninf.o
        10          0          0          0          0         68   fretinf.o
        98          0          0          0          0         68   frleqf.o
         0          0          0          0          0          0   usenofp.o

    ----------------------------------------------------------------------
      5442        268         18          0        100       3848   Library Totals
        22          0          1          0          4          0   (incl. Padding)

    ----------------------------------------------------------------------

      Code (inc. data)   RO Data    RW Data    ZI Data      Debug   Library Name

      1462         48         17          0         96       1508   c_w.l
      3958        220          0          0          0       2340   fz_ws.l

    ----------------------------------------------------------------------
      5442        268         18          0        100       3848   Library Totals

    ----------------------------------------------------------------------

==============================================================================


      Code (inc. data)   RO Data    RW Data    ZI Data      Debug   

     46150       1160       1806       1988        684     192412   Grand Totals
     46150       1160       1806        500        684     192412   ELF Image Totals (compressed)
     46150       1160       1806        500          0          0   ROM Totals

==============================================================================

    Total RO  Size (Code + RO Data)                47956 (  46.83kB)
    Total RW  Size (RW Data + ZI Data)              2672 (   2.61kB)
    Total ROM Size (Code + RO Data + RW Data)      48456 (  47.32kB)

==============================================================================

